<?xml version="1.0" encoding="ISO-8859-1" ?>
<link_info>
   <banner>TI ARM Clang Linker PC v4.0.4.LTS</banner>
   <copyright>Copyright (c) 1996-2018 Texas Instruments Incorporated</copyright>
   <command_line>C:\ti\ccs2040\ccs\tools\compiler\ti-cgt-armllvm_4.0.4.LTS\bin\tiarmlnk -IC:\ti\ccs2040\ccs\tools\compiler\ti-cgt-armllvm_4.0.4.LTS\lib -o ECE319K_Lab7.out -mECE319K_Lab7.map --heap_size=512 --stack_size=512 -iC:/Users/jeffc/Downloads/MSPM0_ValvanoWare/ECE319K_Lab7/Debug/syscfg -iC:/ti/ccs2040/ccs/tools/compiler/ti-cgt-armllvm_4.0.4.LTS/lib --diag_wrap=off --display_error_number --warn_sections --xml_link_info=ECE319K_Lab7_linkInfo.xml --rom_model ./ADC1.o ./Clock.o ./Lab7Main.o ./LaunchPad.o ./SPI.o ./ST7735.o ./TExaS.o ./Timer.o ./ticlang/startup_mspm0g3507_ticlang.o ../mspm0g3507.cmd -lC:/ti/mspm0_sdk_2_09_00_01/source/ti/driverlib/lib/ticlang/m0p/mspm0g1x0x_g3x0x/driverlib.a -llibc.a --start-group -llibc++.a -llibc++abi.a -llibc.a -llibsys.a -llibsysbm.a -llibclang_rt.builtins.a -llibclang_rt.profile.a --end-group --cg_opt_level=0</command_line>
   <link_time>0x69c0750b</link_time>
   <link_errors>0x0</link_errors>
   <output_file>C:\Users\jeffc\Downloads\MSPM0_ValvanoWare\ECE319K_Lab7\Debug\ECE319K_Lab7.out</output_file>
   <entry_point>
      <name>_c_int00_noargs</name>
      <address>0x7f1</address>
   </entry_point>
   <input_file_list>
      <input_file id="fl-1">
         <path>C:\Users\jeffc\Downloads\MSPM0_ValvanoWare\ECE319K_Lab7\Debug\.\</path>
         <kind>object</kind>
         <file>ADC1.o</file>
         <name>ADC1.o</name>
      </input_file>
      <input_file id="fl-2">
         <path>C:\Users\jeffc\Downloads\MSPM0_ValvanoWare\ECE319K_Lab7\Debug\.\</path>
         <kind>object</kind>
         <file>Clock.o</file>
         <name>Clock.o</name>
      </input_file>
      <input_file id="fl-3">
         <path>C:\Users\jeffc\Downloads\MSPM0_ValvanoWare\ECE319K_Lab7\Debug\.\</path>
         <kind>object</kind>
         <file>Lab7Main.o</file>
         <name>Lab7Main.o</name>
      </input_file>
      <input_file id="fl-4">
         <path>C:\Users\jeffc\Downloads\MSPM0_ValvanoWare\ECE319K_Lab7\Debug\.\</path>
         <kind>object</kind>
         <file>LaunchPad.o</file>
         <name>LaunchPad.o</name>
      </input_file>
      <input_file id="fl-5">
         <path>C:\Users\jeffc\Downloads\MSPM0_ValvanoWare\ECE319K_Lab7\Debug\.\</path>
         <kind>object</kind>
         <file>SPI.o</file>
         <name>SPI.o</name>
      </input_file>
      <input_file id="fl-6">
         <path>C:\Users\jeffc\Downloads\MSPM0_ValvanoWare\ECE319K_Lab7\Debug\.\</path>
         <kind>object</kind>
         <file>ST7735.o</file>
         <name>ST7735.o</name>
      </input_file>
      <input_file id="fl-7">
         <path>C:\Users\jeffc\Downloads\MSPM0_ValvanoWare\ECE319K_Lab7\Debug\.\</path>
         <kind>object</kind>
         <file>TExaS.o</file>
         <name>TExaS.o</name>
      </input_file>
      <input_file id="fl-8">
         <path>C:\Users\jeffc\Downloads\MSPM0_ValvanoWare\ECE319K_Lab7\Debug\.\</path>
         <kind>object</kind>
         <file>Timer.o</file>
         <name>Timer.o</name>
      </input_file>
      <input_file id="fl-9">
         <path>C:\Users\jeffc\Downloads\MSPM0_ValvanoWare\ECE319K_Lab7\Debug\.\ticlang\</path>
         <kind>object</kind>
         <file>startup_mspm0g3507_ticlang.o</file>
         <name>startup_mspm0g3507_ticlang.o</name>
      </input_file>
      <input_file id="fl-15">
         <path>C:\Users\jeffc\Downloads\MSPM0_ValvanoWare\ECE319K_Lab7\Debug\</path>
         <kind>object</kind>
         <file>&lt;internal&gt;</file>
         <name>&lt;internal&gt;</name>
      </input_file>
      <input_file id="fl-2c">
         <path>C:\ti\ccs2040\ccs\tools\compiler\ti-cgt-armllvm_4.0.4.LTS\lib\armv6m-ti-none-eabi\c\</path>
         <kind>archive</kind>
         <file>libc.a</file>
         <name>printf.c.obj</name>
      </input_file>
      <input_file id="fl-2d">
         <path>C:\ti\ccs2040\ccs\tools\compiler\ti-cgt-armllvm_4.0.4.LTS\lib\armv6m-ti-none-eabi\c\</path>
         <kind>archive</kind>
         <file>libc.a</file>
         <name>_printfi.c.obj</name>
      </input_file>
      <input_file id="fl-2e">
         <path>C:\ti\ccs2040\ccs\tools\compiler\ti-cgt-armllvm_4.0.4.LTS\lib\armv6m-ti-none-eabi\c\</path>
         <kind>archive</kind>
         <file>libc.a</file>
         <name>fopen.c.obj</name>
      </input_file>
      <input_file id="fl-2f">
         <path>C:\ti\ccs2040\ccs\tools\compiler\ti-cgt-armllvm_4.0.4.LTS\lib\armv6m-ti-none-eabi\c\</path>
         <kind>archive</kind>
         <file>libc.a</file>
         <name>fputc.c.obj</name>
      </input_file>
      <input_file id="fl-30">
         <path>C:\ti\ccs2040\ccs\tools\compiler\ti-cgt-armllvm_4.0.4.LTS\lib\armv6m-ti-none-eabi\c\</path>
         <kind>archive</kind>
         <file>libc.a</file>
         <name>fputs.c.obj</name>
      </input_file>
      <input_file id="fl-31">
         <path>C:\ti\ccs2040\ccs\tools\compiler\ti-cgt-armllvm_4.0.4.LTS\lib\armv6m-ti-none-eabi\c\</path>
         <kind>archive</kind>
         <file>libc.a</file>
         <name>_io_perm.c.obj</name>
      </input_file>
      <input_file id="fl-32">
         <path>C:\ti\ccs2040\ccs\tools\compiler\ti-cgt-armllvm_4.0.4.LTS\lib\armv6m-ti-none-eabi\c\</path>
         <kind>archive</kind>
         <file>libc.a</file>
         <name>setvbuf.c.obj</name>
      </input_file>
      <input_file id="fl-33">
         <path>C:\ti\ccs2040\ccs\tools\compiler\ti-cgt-armllvm_4.0.4.LTS\lib\armv6m-ti-none-eabi\c\</path>
         <kind>archive</kind>
         <file>libc.a</file>
         <name>aeabi_portable.c.obj</name>
      </input_file>
      <input_file id="fl-34">
         <path>C:\ti\ccs2040\ccs\tools\compiler\ti-cgt-armllvm_4.0.4.LTS\lib\armv6m-ti-none-eabi\c\</path>
         <kind>archive</kind>
         <file>libc.a</file>
         <name>exit.c.obj</name>
      </input_file>
      <input_file id="fl-35">
         <path>C:\ti\ccs2040\ccs\tools\compiler\ti-cgt-armllvm_4.0.4.LTS\lib\armv6m-ti-none-eabi\c\</path>
         <kind>archive</kind>
         <file>libc.a</file>
         <name>_lock.c.obj</name>
      </input_file>
      <input_file id="fl-36">
         <path>C:\ti\ccs2040\ccs\tools\compiler\ti-cgt-armllvm_4.0.4.LTS\lib\armv6m-ti-none-eabi\c\</path>
         <kind>archive</kind>
         <file>libc.a</file>
         <name>_ltoa.c.obj</name>
      </input_file>
      <input_file id="fl-37">
         <path>C:\ti\ccs2040\ccs\tools\compiler\ti-cgt-armllvm_4.0.4.LTS\lib\armv6m-ti-none-eabi\c\</path>
         <kind>archive</kind>
         <file>libc.a</file>
         <name>assert.c.obj</name>
      </input_file>
      <input_file id="fl-38">
         <path>C:\ti\ccs2040\ccs\tools\compiler\ti-cgt-armllvm_4.0.4.LTS\lib\armv6m-ti-none-eabi\c\</path>
         <kind>archive</kind>
         <file>libc.a</file>
         <name>atoi.c.obj</name>
      </input_file>
      <input_file id="fl-39">
         <path>C:\ti\ccs2040\ccs\tools\compiler\ti-cgt-armllvm_4.0.4.LTS\lib\armv6m-ti-none-eabi\c\</path>
         <kind>archive</kind>
         <file>libc.a</file>
         <name>defs.c.obj</name>
      </input_file>
      <input_file id="fl-3a">
         <path>C:\ti\ccs2040\ccs\tools\compiler\ti-cgt-armllvm_4.0.4.LTS\lib\armv6m-ti-none-eabi\c\</path>
         <kind>archive</kind>
         <file>libc.a</file>
         <name>memccpy.c.obj</name>
      </input_file>
      <input_file id="fl-3b">
         <path>C:\ti\ccs2040\ccs\tools\compiler\ti-cgt-armllvm_4.0.4.LTS\lib\armv6m-ti-none-eabi\c\</path>
         <kind>archive</kind>
         <file>libc.a</file>
         <name>memory.c.obj</name>
      </input_file>
      <input_file id="fl-3c">
         <path>C:\ti\ccs2040\ccs\tools\compiler\ti-cgt-armllvm_4.0.4.LTS\lib\armv6m-ti-none-eabi\c\</path>
         <kind>archive</kind>
         <file>libc.a</file>
         <name>boot_cortex_m.c.obj</name>
      </input_file>
      <input_file id="fl-3d">
         <path>C:\ti\ccs2040\ccs\tools\compiler\ti-cgt-armllvm_4.0.4.LTS\lib\armv6m-ti-none-eabi\c\</path>
         <kind>archive</kind>
         <file>libc.a</file>
         <name>mathacl_init.c.obj</name>
      </input_file>
      <input_file id="fl-3e">
         <path>C:\ti\ccs2040\ccs\tools\compiler\ti-cgt-armllvm_4.0.4.LTS\lib\armv6m-ti-none-eabi\c\</path>
         <kind>archive</kind>
         <file>libc.a</file>
         <name>autoinit.c.obj</name>
      </input_file>
      <input_file id="fl-3f">
         <path>C:\ti\ccs2040\ccs\tools\compiler\ti-cgt-armllvm_4.0.4.LTS\lib\armv6m-ti-none-eabi\c\</path>
         <kind>archive</kind>
         <file>libc.a</file>
         <name>pre_init.c.obj</name>
      </input_file>
      <input_file id="fl-40">
         <path>C:\ti\ccs2040\ccs\tools\compiler\ti-cgt-armllvm_4.0.4.LTS\lib\armv6m-ti-none-eabi\c\</path>
         <kind>archive</kind>
         <file>libc.a</file>
         <name>cpy_tbl.c.obj</name>
      </input_file>
      <input_file id="fl-41">
         <path>C:\ti\ccs2040\ccs\tools\compiler\ti-cgt-armllvm_4.0.4.LTS\lib\armv6m-ti-none-eabi\c\</path>
         <kind>archive</kind>
         <file>libc.a</file>
         <name>copy_zero_init.c.obj</name>
      </input_file>
      <input_file id="fl-42">
         <path>C:\ti\ccs2040\ccs\tools\compiler\ti-cgt-armllvm_4.0.4.LTS\lib\armv6m-ti-none-eabi\c\</path>
         <kind>archive</kind>
         <file>libc.a</file>
         <name>copy_decompress_none.c.obj</name>
      </input_file>
      <input_file id="fl-43">
         <path>C:\ti\ccs2040\ccs\tools\compiler\ti-cgt-armllvm_4.0.4.LTS\lib\armv6m-ti-none-eabi\c\</path>
         <kind>archive</kind>
         <file>libc.a</file>
         <name>copy_decompress_lzss.c.obj</name>
      </input_file>
      <input_file id="fl-44">
         <path>C:\ti\ccs2040\ccs\tools\compiler\ti-cgt-armllvm_4.0.4.LTS\lib\armv6m-ti-none-eabi\c\</path>
         <kind>archive</kind>
         <file>libc.a</file>
         <name>s_frexp.c.obj</name>
      </input_file>
      <input_file id="fl-45">
         <path>C:\ti\ccs2040\ccs\tools\compiler\ti-cgt-armllvm_4.0.4.LTS\lib\armv6m-ti-none-eabi\c\</path>
         <kind>archive</kind>
         <file>libc.a</file>
         <name>s_scalbn.c.obj</name>
      </input_file>
      <input_file id="fl-46">
         <path>C:\ti\ccs2040\ccs\tools\compiler\ti-cgt-armllvm_4.0.4.LTS\lib\armv6m-ti-none-eabi\c\</path>
         <kind>archive</kind>
         <file>libc.a</file>
         <name>wcslen.c.obj</name>
      </input_file>
      <input_file id="fl-47">
         <path>C:\ti\ccs2040\ccs\tools\compiler\ti-cgt-armllvm_4.0.4.LTS\lib\armv6m-ti-none-eabi\c\</path>
         <kind>archive</kind>
         <file>libc.a</file>
         <name>sprintf.c.obj</name>
      </input_file>
      <input_file id="fl-48">
         <path>C:\ti\ccs2040\ccs\tools\compiler\ti-cgt-armllvm_4.0.4.LTS\lib\armv6m-ti-none-eabi\c\</path>
         <kind>archive</kind>
         <file>libc.a</file>
         <name>fclose.c.obj</name>
      </input_file>
      <input_file id="fl-49">
         <path>C:\ti\ccs2040\ccs\tools\compiler\ti-cgt-armllvm_4.0.4.LTS\lib\armv6m-ti-none-eabi\c\</path>
         <kind>archive</kind>
         <file>libc.a</file>
         <name>fflush.c.obj</name>
      </input_file>
      <input_file id="fl-4a">
         <path>C:\ti\ccs2040\ccs\tools\compiler\ti-cgt-armllvm_4.0.4.LTS\lib\armv6m-ti-none-eabi\c\</path>
         <kind>archive</kind>
         <file>libc.a</file>
         <name>fseek.c.obj</name>
      </input_file>
      <input_file id="fl-4b">
         <path>C:\ti\ccs2040\ccs\tools\compiler\ti-cgt-armllvm_4.0.4.LTS\lib\armv6m-ti-none-eabi\c\</path>
         <kind>archive</kind>
         <file>libc.a</file>
         <name>aeabi_ctype.S.obj</name>
      </input_file>
      <input_file id="fl-4c">
         <path>C:\ti\ccs2040\ccs\tools\compiler\ti-cgt-armllvm_4.0.4.LTS\lib\armv6m-ti-none-eabi\c\</path>
         <kind>archive</kind>
         <file>libc.a</file>
         <name>args_main.c.obj</name>
      </input_file>
      <input_file id="fl-ec">
         <path>C:\ti\ccs2040\ccs\tools\compiler\ti-cgt-armllvm_4.0.4.LTS\lib\armv6m-ti-none-eabi\c\</path>
         <kind>archive</kind>
         <file>libsysbm.a</file>
         <name>hostexit.c.obj</name>
      </input_file>
      <input_file id="fl-ed">
         <path>C:\ti\ccs2040\ccs\tools\compiler\ti-cgt-armllvm_4.0.4.LTS\lib\armv6m-ti-none-eabi\c\</path>
         <kind>archive</kind>
         <file>libsysbm.a</file>
         <name>write.c.obj</name>
      </input_file>
      <input_file id="fl-ee">
         <path>C:\ti\ccs2040\ccs\tools\compiler\ti-cgt-armllvm_4.0.4.LTS\lib\armv6m-ti-none-eabi\c\</path>
         <kind>archive</kind>
         <file>libsysbm.a</file>
         <name>host_device.c.obj</name>
      </input_file>
      <input_file id="fl-ef">
         <path>C:\ti\ccs2040\ccs\tools\compiler\ti-cgt-armllvm_4.0.4.LTS\lib\armv6m-ti-none-eabi\c\</path>
         <kind>archive</kind>
         <file>libsysbm.a</file>
         <name>remove.c.obj</name>
      </input_file>
      <input_file id="fl-f0">
         <path>C:\ti\ccs2040\ccs\tools\compiler\ti-cgt-armllvm_4.0.4.LTS\lib\armv6m-ti-none-eabi\c\</path>
         <kind>archive</kind>
         <file>libsysbm.a</file>
         <name>open.c.obj</name>
      </input_file>
      <input_file id="fl-f1">
         <path>C:\ti\ccs2040\ccs\tools\compiler\ti-cgt-armllvm_4.0.4.LTS\lib\armv6m-ti-none-eabi\c\</path>
         <kind>archive</kind>
         <file>libsysbm.a</file>
         <name>lseek.c.obj</name>
      </input_file>
      <input_file id="fl-f2">
         <path>C:\ti\ccs2040\ccs\tools\compiler\ti-cgt-armllvm_4.0.4.LTS\lib\armv6m-ti-none-eabi\c\</path>
         <kind>archive</kind>
         <file>libsysbm.a</file>
         <name>close.c.obj</name>
      </input_file>
      <input_file id="fl-f3">
         <path>C:\ti\ccs2040\ccs\tools\compiler\ti-cgt-armllvm_4.0.4.LTS\lib\armv6m-ti-none-eabi\c\</path>
         <kind>archive</kind>
         <file>libsysbm.a</file>
         <name>add_device.c.obj</name>
      </input_file>
      <input_file id="fl-f4">
         <path>C:\ti\ccs2040\ccs\tools\compiler\ti-cgt-armllvm_4.0.4.LTS\lib\armv6m-ti-none-eabi\c\</path>
         <kind>archive</kind>
         <file>libsysbm.a</file>
         <name>unlink.c.obj</name>
      </input_file>
      <input_file id="fl-f5">
         <path>C:\ti\ccs2040\ccs\tools\compiler\ti-cgt-armllvm_4.0.4.LTS\lib\armv6m-ti-none-eabi\c\</path>
         <kind>archive</kind>
         <file>libsysbm.a</file>
         <name>hostclose.c.obj</name>
      </input_file>
      <input_file id="fl-f6">
         <path>C:\ti\ccs2040\ccs\tools\compiler\ti-cgt-armllvm_4.0.4.LTS\lib\armv6m-ti-none-eabi\c\</path>
         <kind>archive</kind>
         <file>libsysbm.a</file>
         <name>hostlseek.c.obj</name>
      </input_file>
      <input_file id="fl-f7">
         <path>C:\ti\ccs2040\ccs\tools\compiler\ti-cgt-armllvm_4.0.4.LTS\lib\armv6m-ti-none-eabi\c\</path>
         <kind>archive</kind>
         <file>libsysbm.a</file>
         <name>hostopen.c.obj</name>
      </input_file>
      <input_file id="fl-f8">
         <path>C:\ti\ccs2040\ccs\tools\compiler\ti-cgt-armllvm_4.0.4.LTS\lib\armv6m-ti-none-eabi\c\</path>
         <kind>archive</kind>
         <file>libsysbm.a</file>
         <name>hostread.c.obj</name>
      </input_file>
      <input_file id="fl-f9">
         <path>C:\ti\ccs2040\ccs\tools\compiler\ti-cgt-armllvm_4.0.4.LTS\lib\armv6m-ti-none-eabi\c\</path>
         <kind>archive</kind>
         <file>libsysbm.a</file>
         <name>hostrename.c.obj</name>
      </input_file>
      <input_file id="fl-fa">
         <path>C:\ti\ccs2040\ccs\tools\compiler\ti-cgt-armllvm_4.0.4.LTS\lib\armv6m-ti-none-eabi\c\</path>
         <kind>archive</kind>
         <file>libsysbm.a</file>
         <name>hostunlink.c.obj</name>
      </input_file>
      <input_file id="fl-fb">
         <path>C:\ti\ccs2040\ccs\tools\compiler\ti-cgt-armllvm_4.0.4.LTS\lib\armv6m-ti-none-eabi\c\</path>
         <kind>archive</kind>
         <file>libsysbm.a</file>
         <name>hostwrite.c.obj</name>
      </input_file>
      <input_file id="fl-fc">
         <path>C:\ti\ccs2040\ccs\tools\compiler\ti-cgt-armllvm_4.0.4.LTS\lib\armv6m-ti-none-eabi\c\</path>
         <kind>archive</kind>
         <file>libsysbm.a</file>
         <name>trgmsg.c.obj</name>
      </input_file>
      <input_file id="fl-fd">
         <path>C:\ti\ccs2040\ccs\tools\compiler\ti-cgt-armllvm_4.0.4.LTS\lib\armv6m-ti-none-eabi\</path>
         <kind>archive</kind>
         <file>libclang_rt.builtins.a</file>
         <name>adddf3.S.obj</name>
      </input_file>
      <input_file id="fl-fe">
         <path>C:\ti\ccs2040\ccs\tools\compiler\ti-cgt-armllvm_4.0.4.LTS\lib\armv6m-ti-none-eabi\</path>
         <kind>archive</kind>
         <file>libclang_rt.builtins.a</file>
         <name>muldf3.S.obj</name>
      </input_file>
      <input_file id="fl-ff">
         <path>C:\ti\ccs2040\ccs\tools\compiler\ti-cgt-armllvm_4.0.4.LTS\lib\armv6m-ti-none-eabi\</path>
         <kind>archive</kind>
         <file>libclang_rt.builtins.a</file>
         <name>muldsi3.S.obj</name>
      </input_file>
      <input_file id="fl-100">
         <path>C:\ti\ccs2040\ccs\tools\compiler\ti-cgt-armllvm_4.0.4.LTS\lib\armv6m-ti-none-eabi\</path>
         <kind>archive</kind>
         <file>libclang_rt.builtins.a</file>
         <name>divdf3.S.obj</name>
      </input_file>
      <input_file id="fl-101">
         <path>C:\ti\ccs2040\ccs\tools\compiler\ti-cgt-armllvm_4.0.4.LTS\lib\armv6m-ti-none-eabi\</path>
         <kind>archive</kind>
         <file>libclang_rt.builtins.a</file>
         <name>extendsfdf2.S.obj</name>
      </input_file>
      <input_file id="fl-102">
         <path>C:\ti\ccs2040\ccs\tools\compiler\ti-cgt-armllvm_4.0.4.LTS\lib\armv6m-ti-none-eabi\</path>
         <kind>archive</kind>
         <file>libclang_rt.builtins.a</file>
         <name>fixdfsi.S.obj</name>
      </input_file>
      <input_file id="fl-103">
         <path>C:\ti\ccs2040\ccs\tools\compiler\ti-cgt-armllvm_4.0.4.LTS\lib\armv6m-ti-none-eabi\</path>
         <kind>archive</kind>
         <file>libclang_rt.builtins.a</file>
         <name>floatsidf.S.obj</name>
      </input_file>
      <input_file id="fl-104">
         <path>C:\ti\ccs2040\ccs\tools\compiler\ti-cgt-armllvm_4.0.4.LTS\lib\armv6m-ti-none-eabi\</path>
         <kind>archive</kind>
         <file>libclang_rt.builtins.a</file>
         <name>floatunsidf.S.obj</name>
      </input_file>
      <input_file id="fl-105">
         <path>C:\ti\ccs2040\ccs\tools\compiler\ti-cgt-armllvm_4.0.4.LTS\lib\armv6m-ti-none-eabi\</path>
         <kind>archive</kind>
         <file>libclang_rt.builtins.a</file>
         <name>muldi3.S.obj</name>
      </input_file>
      <input_file id="fl-106">
         <path>C:\ti\ccs2040\ccs\tools\compiler\ti-cgt-armllvm_4.0.4.LTS\lib\armv6m-ti-none-eabi\</path>
         <kind>archive</kind>
         <file>libclang_rt.builtins.a</file>
         <name>truncdfsf2.S.obj</name>
      </input_file>
      <input_file id="fl-107">
         <path>C:\ti\ccs2040\ccs\tools\compiler\ti-cgt-armllvm_4.0.4.LTS\lib\armv6m-ti-none-eabi\</path>
         <kind>archive</kind>
         <file>libclang_rt.builtins.a</file>
         <name>aeabi_dcmp.S.obj</name>
      </input_file>
      <input_file id="fl-108">
         <path>C:\ti\ccs2040\ccs\tools\compiler\ti-cgt-armllvm_4.0.4.LTS\lib\armv6m-ti-none-eabi\</path>
         <kind>archive</kind>
         <file>libclang_rt.builtins.a</file>
         <name>aeabi_idivmod.S.obj</name>
      </input_file>
      <input_file id="fl-109">
         <path>C:\ti\ccs2040\ccs\tools\compiler\ti-cgt-armllvm_4.0.4.LTS\lib\armv6m-ti-none-eabi\</path>
         <kind>archive</kind>
         <file>libclang_rt.builtins.a</file>
         <name>aeabi_memcpy.S.obj</name>
      </input_file>
      <input_file id="fl-10a">
         <path>C:\ti\ccs2040\ccs\tools\compiler\ti-cgt-armllvm_4.0.4.LTS\lib\armv6m-ti-none-eabi\</path>
         <kind>archive</kind>
         <file>libclang_rt.builtins.a</file>
         <name>aeabi_memset.S.obj</name>
      </input_file>
      <input_file id="fl-10b">
         <path>C:\ti\ccs2040\ccs\tools\compiler\ti-cgt-armllvm_4.0.4.LTS\lib\armv6m-ti-none-eabi\</path>
         <kind>archive</kind>
         <file>libclang_rt.builtins.a</file>
         <name>aeabi_uidivmod.S.obj</name>
      </input_file>
      <input_file id="fl-10c">
         <path>C:\ti\ccs2040\ccs\tools\compiler\ti-cgt-armllvm_4.0.4.LTS\lib\armv6m-ti-none-eabi\</path>
         <kind>archive</kind>
         <file>libclang_rt.builtins.a</file>
         <name>aeabi_uldivmod.S.obj</name>
      </input_file>
      <input_file id="fl-10d">
         <path>C:\ti\ccs2040\ccs\tools\compiler\ti-cgt-armllvm_4.0.4.LTS\lib\armv6m-ti-none-eabi\</path>
         <kind>archive</kind>
         <file>libclang_rt.builtins.a</file>
         <name>udivmoddi4.S.obj</name>
      </input_file>
      <input_file id="fl-10e">
         <path>C:\ti\ccs2040\ccs\tools\compiler\ti-cgt-armllvm_4.0.4.LTS\lib\armv6m-ti-none-eabi\</path>
         <kind>archive</kind>
         <file>libclang_rt.builtins.a</file>
         <name>ashldi3.S.obj</name>
      </input_file>
      <input_file id="fl-10f">
         <path>C:\ti\ccs2040\ccs\tools\compiler\ti-cgt-armllvm_4.0.4.LTS\lib\armv6m-ti-none-eabi\</path>
         <kind>archive</kind>
         <file>libclang_rt.builtins.a</file>
         <name>comparedf2.c.obj</name>
      </input_file>
      <input_file id="fl-110">
         <path>C:\ti\ccs2040\ccs\tools\compiler\ti-cgt-armllvm_4.0.4.LTS\lib\armv6m-ti-none-eabi\</path>
         <kind>archive</kind>
         <file>libclang_rt.builtins.a</file>
         <name>aeabi_div0.c.obj</name>
      </input_file>
      <input_file id="fl-111">
         <path>C:\ti\ccs2040\ccs\tools\compiler\ti-cgt-armllvm_4.0.4.LTS\lib\armv6m-ti-none-eabi\c\</path>
         <kind>archive</kind>
         <file>libc.a</file>
         <name>getdevice.c.obj</name>
      </input_file>
      <input_file id="fl-112">
         <path>C:\ti\ccs2040\ccs\tools\compiler\ti-cgt-armllvm_4.0.4.LTS\lib\armv6m-ti-none-eabi\c\</path>
         <kind>archive</kind>
         <file>libc.a</file>
         <name>memcpy16.S.obj</name>
      </input_file>
      <input_file id="fl-113">
         <path>C:\ti\ccs2040\ccs\tools\compiler\ti-cgt-armllvm_4.0.4.LTS\lib\armv6m-ti-none-eabi\c\</path>
         <kind>archive</kind>
         <file>libc.a</file>
         <name>memset16.S.obj</name>
      </input_file>
      <input_file id="fl-114">
         <path>C:\ti\ccs2040\ccs\tools\compiler\ti-cgt-armllvm_4.0.4.LTS\lib\armv6m-ti-none-eabi\c\</path>
         <kind>archive</kind>
         <file>libc.a</file>
         <name>strcmp-armv6m.S.obj</name>
      </input_file>
   </input_file_list>
   <object_component_list>
      <object_component id="oc-18">
         <name>.intvecs</name>
         <load_address>0x0</load_address>
         <readonly>true</readonly>
         <run_address>0x0</run_address>
         <size>0xc0</size>
         <alignment>0x4</alignment>
         <input_file_ref idref="fl-9"/>
      </object_component>
      <object_component id="oc-b8">
         <name>.text.Clock_Init80MHz</name>
         <load_address>0xc0</load_address>
         <readonly>true</readonly>
         <executable>true</executable>
         <run_address>0xc0</run_address>
         <size>0x1b4</size>
         <alignment>0x4</alignment>
         <input_file_ref idref="fl-2"/>
      </object_component>
      <object_component id="oc-c0">
         <name>.text.ADC_Init</name>
         <load_address>0x274</load_address>
         <readonly>true</readonly>
         <executable>true</executable>
         <run_address>0x274</run_address>
         <size>0x128</size>
         <alignment>0x4</alignment>
         <input_file_ref idref="fl-7"/>
      </object_component>
      <object_component id="oc-c2">
         <name>.text.UART_Init</name>
         <load_address>0x39c</load_address>
         <readonly>true</readonly>
         <executable>true</executable>
         <run_address>0x39c</run_address>
         <size>0xe8</size>
         <alignment>0x4</alignment>
         <input_file_ref idref="fl-7"/>
      </object_component>
      <object_component id="oc-c8">
         <name>.text.TimerG7_IntArm</name>
         <load_address>0x484</load_address>
         <readonly>true</readonly>
         <executable>true</executable>
         <run_address>0x484</run_address>
         <size>0xa8</size>
         <alignment>0x4</alignment>
         <input_file_ref idref="fl-8"/>
      </object_component>
      <object_component id="oc-92">
         <name>.text.LaunchPad_Init</name>
         <load_address>0x52c</load_address>
         <readonly>true</readonly>
         <executable>true</executable>
         <run_address>0x52c</run_address>
         <size>0x7c</size>
         <alignment>0x4</alignment>
         <input_file_ref idref="fl-4"/>
      </object_component>
      <object_component id="oc-1c">
         <name>.text:decompress:lzss</name>
         <load_address>0x5a8</load_address>
         <readonly>true</readonly>
         <executable>true</executable>
         <run_address>0x5a8</run_address>
         <size>0x7c</size>
         <alignment>0x4</alignment>
         <input_file_ref idref="fl-43"/>
      </object_component>
      <object_component id="oc-97">
         <name>.text.TExaS_Init</name>
         <load_address>0x624</load_address>
         <readonly>true</readonly>
         <executable>true</executable>
         <run_address>0x624</run_address>
         <size>0x58</size>
         <alignment>0x4</alignment>
         <input_file_ref idref="fl-7"/>
      </object_component>
      <object_component id="oc-37">
         <name>.text.TIMG7_IRQHandler</name>
         <load_address>0x67c</load_address>
         <readonly>true</readonly>
         <executable>true</executable>
         <run_address>0x67c</run_address>
         <size>0x40</size>
         <alignment>0x4</alignment>
         <input_file_ref idref="fl-7"/>
      </object_component>
      <object_component id="oc-c4">
         <name>.text.__aeabi_uidivmod</name>
         <load_address>0x6bc</load_address>
         <readonly>true</readonly>
         <executable>true</executable>
         <run_address>0x6bc</run_address>
         <size>0x40</size>
         <alignment>0x4</alignment>
         <input_file_ref idref="fl-10b"/>
      </object_component>
      <object_component id="oc-9f">
         <name>.text:__TI_auto_init_nobinit_nopinit</name>
         <load_address>0x6fc</load_address>
         <readonly>true</readonly>
         <executable>true</executable>
         <run_address>0x6fc</run_address>
         <size>0x3c</size>
         <alignment>0x4</alignment>
         <input_file_ref idref="fl-3e"/>
      </object_component>
      <object_component id="oc-bd">
         <name>.text.ActivatePortA_B</name>
         <load_address>0x738</load_address>
         <readonly>true</readonly>
         <executable>true</executable>
         <run_address>0x738</run_address>
         <size>0x38</size>
         <alignment>0x4</alignment>
         <input_file_ref idref="fl-4"/>
      </object_component>
      <object_component id="oc-3c">
         <name>.text.TIMG12_IRQHandler</name>
         <load_address>0x770</load_address>
         <readonly>true</readonly>
         <executable>true</executable>
         <run_address>0x770</run_address>
         <size>0x30</size>
         <alignment>0x4</alignment>
         <input_file_ref idref="fl-3"/>
      </object_component>
      <object_component id="oc-c1">
         <name>.text.ADC_Start</name>
         <load_address>0x7a0</load_address>
         <readonly>true</readonly>
         <executable>true</executable>
         <run_address>0x7a0</run_address>
         <size>0x28</size>
         <alignment>0x4</alignment>
         <input_file_ref idref="fl-7"/>
      </object_component>
      <object_component id="oc-7c">
         <name>.text.main</name>
         <load_address>0x7c8</load_address>
         <readonly>true</readonly>
         <executable>true</executable>
         <run_address>0x7c8</run_address>
         <size>0x28</size>
         <alignment>0x4</alignment>
         <input_file_ref idref="fl-3"/>
      </object_component>
      <object_component id="oc-5c">
         <name>.text:_c_int00_noargs</name>
         <load_address>0x7f0</load_address>
         <readonly>true</readonly>
         <executable>true</executable>
         <run_address>0x7f0</run_address>
         <size>0x28</size>
         <alignment>0x4</alignment>
         <input_file_ref idref="fl-3c"/>
      </object_component>
      <object_component id="oc-35">
         <name>.text.Default_Handler</name>
         <load_address>0x818</load_address>
         <readonly>true</readonly>
         <executable>true</executable>
         <run_address>0x818</run_address>
         <size>0x1c</size>
         <alignment>0x4</alignment>
         <input_file_ref idref="fl-9"/>
      </object_component>
      <object_component id="oc-36">
         <name>.text.HardFault_Handler</name>
         <load_address>0x834</load_address>
         <readonly>true</readonly>
         <executable>true</executable>
         <run_address>0x834</run_address>
         <size>0x1c</size>
         <alignment>0x4</alignment>
         <input_file_ref idref="fl-9"/>
      </object_component>
      <object_component id="oc-53">
         <name>.text:decompress:ZI:__TI_zero_init_nomemset</name>
         <load_address>0x850</load_address>
         <readonly>true</readonly>
         <executable>true</executable>
         <run_address>0x850</run_address>
         <size>0x16</size>
         <alignment>0x2</alignment>
         <input_file_ref idref="fl-41"/>
      </object_component>
      <object_component id="oc-87">
         <name>.text:TI_memcpy_small</name>
         <load_address>0x866</load_address>
         <readonly>true</readonly>
         <executable>true</executable>
         <run_address>0x866</run_address>
         <size>0x12</size>
         <alignment>0x1</alignment>
         <input_file_ref idref="fl-112"/>
      </object_component>
      <object_component id="oc-20">
         <name>.text:decompress:none</name>
         <load_address>0x878</load_address>
         <readonly>true</readonly>
         <executable>true</executable>
         <run_address>0x878</run_address>
         <size>0x12</size>
         <alignment>0x2</alignment>
         <input_file_ref idref="fl-42"/>
      </object_component>
      <object_component id="oc-e2">
         <name>.text.Clock_Delay</name>
         <load_address>0x88a</load_address>
         <readonly>true</readonly>
         <executable>true</executable>
         <run_address>0x88a</run_address>
         <size>0x10</size>
         <alignment>0x2</alignment>
         <input_file_ref idref="fl-2"/>
      </object_component>
      <object_component id="oc-e1">
         <name>.text.Delay</name>
         <load_address>0x89a</load_address>
         <readonly>true</readonly>
         <executable>true</executable>
         <run_address>0x89a</run_address>
         <size>0x10</size>
         <alignment>0x2</alignment>
         <input_file_ref idref="fl-4"/>
      </object_component>
      <object_component id="oc-e3">
         <name>.text.__aeabi_idiv0</name>
         <load_address>0x8aa</load_address>
         <readonly>true</readonly>
         <executable>true</executable>
         <run_address>0x8aa</run_address>
         <size>0x2</size>
         <alignment>0x2</alignment>
         <input_file_ref idref="fl-110"/>
      </object_component>
      <object_component id="oc-c3">
         <name>.text.Clock_Freq</name>
         <load_address>0x8ac</load_address>
         <readonly>true</readonly>
         <executable>true</executable>
         <run_address>0x8ac</run_address>
         <size>0xc</size>
         <alignment>0x4</alignment>
         <input_file_ref idref="fl-2"/>
      </object_component>
      <object_component id="oc-91">
         <name>.text.PLL_Init</name>
         <load_address>0x8b8</load_address>
         <readonly>true</readonly>
         <executable>true</executable>
         <run_address>0x8b8</run_address>
         <size>0xa</size>
         <alignment>0x2</alignment>
         <input_file_ref idref="fl-3"/>
      </object_component>
      <object_component id="oc-4c">
         <name>.text.__aeabi_memcpy</name>
         <load_address>0x8c4</load_address>
         <readonly>true</readonly>
         <executable>true</executable>
         <run_address>0x8c4</run_address>
         <size>0x8</size>
         <alignment>0x4</alignment>
         <input_file_ref idref="fl-109"/>
      </object_component>
      <object_component id="oc-98">
         <name>.text:abort</name>
         <load_address>0x8cc</load_address>
         <readonly>true</readonly>
         <executable>true</executable>
         <run_address>0x8cc</run_address>
         <size>0x6</size>
         <alignment>0x2</alignment>
         <input_file_ref idref="fl-34"/>
      </object_component>
      <object_component id="oc-cd">
         <name>.text.HOSTexit</name>
         <load_address>0x8d2</load_address>
         <readonly>true</readonly>
         <executable>true</executable>
         <run_address>0x8d2</run_address>
         <size>0x4</size>
         <alignment>0x2</alignment>
         <input_file_ref idref="fl-ec"/>
      </object_component>
      <object_component id="oc-31">
         <name>.text.Reset_Handler</name>
         <load_address>0x8d6</load_address>
         <readonly>true</readonly>
         <executable>true</executable>
         <run_address>0x8d6</run_address>
         <size>0x4</size>
         <alignment>0x2</alignment>
         <input_file_ref idref="fl-9"/>
      </object_component>
      <object_component id="oc-78">
         <name>.text._system_pre_init</name>
         <load_address>0x8da</load_address>
         <readonly>true</readonly>
         <executable>true</executable>
         <run_address>0x8da</run_address>
         <size>0x4</size>
         <alignment>0x2</alignment>
         <input_file_ref idref="fl-3f"/>
      </object_component>
      <object_component id="oc-138">
         <name>__TI_handler_table</name>
         <load_address>0x8e0</load_address>
         <readonly>true</readonly>
         <run_address>0x8e0</run_address>
         <size>0xc</size>
         <alignment>0x4</alignment>
      </object_component>
      <object_component id="oc-13b">
         <name>.cinit..bss.load</name>
         <load_address>0x8ec</load_address>
         <readonly>true</readonly>
         <run_address>0x8ec</run_address>
         <size>0x8</size>
         <alignment>0x4</alignment>
      </object_component>
      <object_component id="oc-13a">
         <name>.cinit..data.load</name>
         <load_address>0x8f4</load_address>
         <readonly>true</readonly>
         <run_address>0x8f4</run_address>
         <size>0x8</size>
         <alignment>0x1</alignment>
      </object_component>
      <object_component id="oc-139">
         <name>__TI_cinit_table</name>
         <load_address>0x8fc</load_address>
         <readonly>true</readonly>
         <run_address>0x8fc</run_address>
         <size>0x10</size>
         <alignment>0x4</alignment>
      </object_component>
      <object_component id="oc-102">
         <name>.binit</name>
         <load_address>0x0</load_address>
         <readonly>true</readonly>
         <run_address>0x0</run_address>
         <size>0x0</size>
         <alignment>0x4</alignment>
      </object_component>
      <object_component id="oc-de">
         <name>.data.BusFreq</name>
         <load_address>0x2020020c</load_address>
         <readwrite>true</readwrite>
         <run_address>0x2020020c</run_address>
         <size>0x4</size>
         <alignment>0x4</alignment>
         <input_file_ref idref="fl-2"/>
      </object_component>
      <object_component id="oc-6c">
         <name>.common:Time</name>
         <uninitialized>true</uninitialized>
         <readwrite>true</readwrite>
         <run_address>0x20200208</run_address>
         <size>0x4</size>
         <alignment>0x4</alignment>
      </object_component>
      <object_component id="oc-68">
         <name>.common:TExaSadc</name>
         <uninitialized>true</uninitialized>
         <readwrite>true</readwrite>
         <run_address>0x20200204</run_address>
         <size>0x4</size>
         <alignment>0x4</alignment>
      </object_component>
      <object_component id="oc-69">
         <name>.common:TExaSLogic</name>
         <uninitialized>true</uninitialized>
         <readwrite>true</readwrite>
         <run_address>0x20200200</run_address>
         <size>0x4</size>
         <alignment>0x4</alignment>
      </object_component>
      <object_component id="oc-2f">
         <name>.sysmem</name>
         <uninitialized>true</uninitialized>
         <readwrite>true</readwrite>
         <run_address>0x20200000</run_address>
         <size>0x10</size>
         <alignment>0x8</alignment>
         <input_file_ref idref="fl-3b"/>
      </object_component>
      <object_component id="oc-13e">
         <name>.sysmem</name>
         <uninitialized>true</uninitialized>
         <readwrite>true</readwrite>
         <run_address>0x20200000</run_address>
         <size>0x0</size>
         <alignment>0x4</alignment>
      </object_component>
      <object_component id="oc-1a">
         <name>.stack</name>
         <uninitialized>true</uninitialized>
         <readwrite>true</readwrite>
         <run_address>0x20207e00</run_address>
         <size>0x4</size>
         <alignment>0x4</alignment>
         <input_file_ref idref="fl-3c"/>
      </object_component>
      <object_component id="oc-13d">
         <name>.stack</name>
         <uninitialized>true</uninitialized>
         <readwrite>true</readwrite>
         <run_address>0x20207e00</run_address>
         <size>0x0</size>
         <alignment>0x8</alignment>
      </object_component>
      <object_component id="oc-df">
         <name>.debug_abbrev</name>
         <load_address>0x0</load_address>
         <run_address>0x0</run_address>
         <size>0x16c</size>
         <alignment>0x1</alignment>
         <input_file_ref idref="fl-2"/>
      </object_component>
      <object_component id="oc-6d">
         <name>.debug_abbrev</name>
         <load_address>0x16c</load_address>
         <run_address>0x16c</run_address>
         <size>0x1ad</size>
         <alignment>0x1</alignment>
         <input_file_ref idref="fl-3"/>
      </object_component>
      <object_component id="oc-be">
         <name>.debug_abbrev</name>
         <load_address>0x319</load_address>
         <run_address>0x319</run_address>
         <size>0x10d</size>
         <alignment>0x1</alignment>
         <input_file_ref idref="fl-4"/>
      </object_component>
      <object_component id="oc-6a">
         <name>.debug_abbrev</name>
         <load_address>0x426</load_address>
         <run_address>0x426</run_address>
         <size>0x129</size>
         <alignment>0x1</alignment>
         <input_file_ref idref="fl-7"/>
      </object_component>
      <object_component id="oc-e9">
         <name>.debug_abbrev</name>
         <load_address>0x54f</load_address>
         <run_address>0x54f</run_address>
         <size>0xf3</size>
         <alignment>0x1</alignment>
         <input_file_ref idref="fl-8"/>
      </object_component>
      <object_component id="oc-41">
         <name>.debug_abbrev</name>
         <load_address>0x642</load_address>
         <run_address>0x642</run_address>
         <size>0x6d</size>
         <alignment>0x1</alignment>
         <input_file_ref idref="fl-9"/>
      </object_component>
      <object_component id="oc-d1">
         <name>.debug_abbrev</name>
         <load_address>0x6af</load_address>
         <run_address>0x6af</run_address>
         <size>0x98</size>
         <alignment>0x1</alignment>
         <input_file_ref idref="fl-34"/>
      </object_component>
      <object_component id="oc-63">
         <name>.debug_abbrev</name>
         <load_address>0x747</load_address>
         <run_address>0x747</run_address>
         <size>0x299</size>
         <alignment>0x1</alignment>
         <input_file_ref idref="fl-3b"/>
      </object_component>
      <object_component id="oc-43">
         <name>.debug_abbrev</name>
         <load_address>0x9e0</load_address>
         <run_address>0x9e0</run_address>
         <size>0xaf</size>
         <alignment>0x1</alignment>
         <input_file_ref idref="fl-3c"/>
      </object_component>
      <object_component id="oc-d7">
         <name>.debug_abbrev</name>
         <load_address>0xa8f</load_address>
         <run_address>0xa8f</run_address>
         <size>0x170</size>
         <alignment>0x1</alignment>
         <input_file_ref idref="fl-3e"/>
      </object_component>
      <object_component id="oc-8f">
         <name>.debug_abbrev</name>
         <load_address>0xbff</load_address>
         <run_address>0xbff</run_address>
         <size>0x39</size>
         <alignment>0x1</alignment>
         <input_file_ref idref="fl-3f"/>
      </object_component>
      <object_component id="oc-71">
         <name>.debug_abbrev</name>
         <load_address>0xc38</load_address>
         <run_address>0xc38</run_address>
         <size>0xc2</size>
         <alignment>0x1</alignment>
         <input_file_ref idref="fl-41"/>
      </object_component>
      <object_component id="oc-50">
         <name>.debug_abbrev</name>
         <load_address>0xcfa</load_address>
         <run_address>0xcfa</run_address>
         <size>0x70</size>
         <alignment>0x1</alignment>
         <input_file_ref idref="fl-42"/>
      </object_component>
      <object_component id="oc-48">
         <name>.debug_abbrev</name>
         <load_address>0xd6a</load_address>
         <run_address>0xd6a</run_address>
         <size>0x8d</size>
         <alignment>0x1</alignment>
         <input_file_ref idref="fl-43"/>
      </object_component>
      <object_component id="oc-eb">
         <name>.debug_abbrev</name>
         <load_address>0xdf7</load_address>
         <run_address>0xdf7</run_address>
         <size>0x2c</size>
         <alignment>0x1</alignment>
         <input_file_ref idref="fl-ec"/>
      </object_component>
      <object_component id="oc-70">
         <name>.debug_abbrev</name>
         <load_address>0xe23</load_address>
         <run_address>0xe23</run_address>
         <size>0x27</size>
         <alignment>0x1</alignment>
         <input_file_ref idref="fl-109"/>
      </object_component>
      <object_component id="oc-e8">
         <name>.debug_abbrev</name>
         <load_address>0xe4a</load_address>
         <run_address>0xe4a</run_address>
         <size>0x27</size>
         <alignment>0x1</alignment>
         <input_file_ref idref="fl-10b"/>
      </object_component>
      <object_component id="oc-f6">
         <name>.debug_abbrev</name>
         <load_address>0xe71</load_address>
         <run_address>0xe71</run_address>
         <size>0x59</size>
         <alignment>0x1</alignment>
         <input_file_ref idref="fl-110"/>
      </object_component>
      <object_component id="oc-b1">
         <name>.debug_abbrev</name>
         <load_address>0xeca</load_address>
         <run_address>0xeca</run_address>
         <size>0x25</size>
         <alignment>0x1</alignment>
         <input_file_ref idref="fl-112"/>
      </object_component>
      <object_component id="oc-140">
         <name>.debug_abbrev</name>
         <load_address>0xeef</load_address>
         <run_address>0xeef</run_address>
         <size>0xf</size>
         <alignment>0x0</alignment>
      </object_component>
      <object_component id="oc-b9">
         <name>.debug_info</name>
         <load_address>0x0</load_address>
         <run_address>0x0</run_address>
         <size>0x1363</size>
         <alignment>0x1</alignment>
         <input_file_ref idref="fl-2"/>
      </object_component>
      <object_component id="oc-3e">
         <name>.debug_info</name>
         <load_address>0x1363</load_address>
         <run_address>0x1363</run_address>
         <size>0x16de</size>
         <alignment>0x1</alignment>
         <input_file_ref idref="fl-3"/>
      </object_component>
      <object_component id="oc-96">
         <name>.debug_info</name>
         <load_address>0x2a41</load_address>
         <run_address>0x2a41</run_address>
         <size>0x879</size>
         <alignment>0x1</alignment>
         <input_file_ref idref="fl-4"/>
      </object_component>
      <object_component id="oc-39">
         <name>.debug_info</name>
         <load_address>0x32ba</load_address>
         <run_address>0x32ba</run_address>
         <size>0x18cb</size>
         <alignment>0x1</alignment>
         <input_file_ref idref="fl-7"/>
      </object_component>
      <object_component id="oc-cb">
         <name>.debug_info</name>
         <load_address>0x4b85</load_address>
         <run_address>0x4b85</run_address>
         <size>0x9b1</size>
         <alignment>0x1</alignment>
         <input_file_ref idref="fl-8"/>
      </object_component>
      <object_component id="oc-19">
         <name>.debug_info</name>
         <load_address>0x5536</load_address>
         <run_address>0x5536</run_address>
         <size>0x94</size>
         <alignment>0x1</alignment>
         <input_file_ref idref="fl-9"/>
      </object_component>
      <object_component id="oc-9c">
         <name>.debug_info</name>
         <load_address>0x55ca</load_address>
         <run_address>0x55ca</run_address>
         <size>0xf8</size>
         <alignment>0x1</alignment>
         <input_file_ref idref="fl-34"/>
      </object_component>
      <object_component id="oc-30">
         <name>.debug_info</name>
         <load_address>0x56c2</load_address>
         <run_address>0x56c2</run_address>
         <size>0xae7</size>
         <alignment>0x1</alignment>
         <input_file_ref idref="fl-3b"/>
      </object_component>
      <object_component id="oc-1b">
         <name>.debug_info</name>
         <load_address>0x61a9</load_address>
         <run_address>0x61a9</run_address>
         <size>0x423</size>
         <alignment>0x1</alignment>
         <input_file_ref idref="fl-3c"/>
      </object_component>
      <object_component id="oc-a2">
         <name>.debug_info</name>
         <load_address>0x65cc</load_address>
         <run_address>0x65cc</run_address>
         <size>0x744</size>
         <alignment>0x1</alignment>
         <input_file_ref idref="fl-3e"/>
      </object_component>
      <object_component id="oc-7a">
         <name>.debug_info</name>
         <load_address>0x6d10</load_address>
         <run_address>0x6d10</run_address>
         <size>0x46</size>
         <alignment>0x1</alignment>
         <input_file_ref idref="fl-3f"/>
      </object_component>
      <object_component id="oc-55">
         <name>.debug_info</name>
         <load_address>0x6d56</load_address>
         <run_address>0x6d56</run_address>
         <size>0x192</size>
         <alignment>0x1</alignment>
         <input_file_ref idref="fl-41"/>
      </object_component>
      <object_component id="oc-22">
         <name>.debug_info</name>
         <load_address>0x6ee8</load_address>
         <run_address>0x6ee8</run_address>
         <size>0xc6</size>
         <alignment>0x1</alignment>
         <input_file_ref idref="fl-42"/>
      </object_component>
      <object_component id="oc-1f">
         <name>.debug_info</name>
         <load_address>0x6fae</load_address>
         <run_address>0x6fae</run_address>
         <size>0x17c</size>
         <alignment>0x1</alignment>
         <input_file_ref idref="fl-43"/>
      </object_component>
      <object_component id="oc-cf">
         <name>.debug_info</name>
         <load_address>0x712a</load_address>
         <run_address>0x712a</run_address>
         <size>0x3b</size>
         <alignment>0x1</alignment>
         <input_file_ref idref="fl-ec"/>
      </object_component>
      <object_component id="oc-4e">
         <name>.debug_info</name>
         <load_address>0x7165</load_address>
         <run_address>0x7165</run_address>
         <size>0x18b</size>
         <alignment>0x1</alignment>
         <input_file_ref idref="fl-109"/>
      </object_component>
      <object_component id="oc-c5">
         <name>.debug_info</name>
         <load_address>0x72f0</load_address>
         <run_address>0x72f0</run_address>
         <size>0x1ae</size>
         <alignment>0x1</alignment>
         <input_file_ref idref="fl-10b"/>
      </object_component>
      <object_component id="oc-e7">
         <name>.debug_info</name>
         <load_address>0x749e</load_address>
         <run_address>0x749e</run_address>
         <size>0x85</size>
         <alignment>0x1</alignment>
         <input_file_ref idref="fl-110"/>
      </object_component>
      <object_component id="oc-8a">
         <name>.debug_info</name>
         <load_address>0x7523</load_address>
         <run_address>0x7523</run_address>
         <size>0x2f3</size>
         <alignment>0x1</alignment>
         <input_file_ref idref="fl-112"/>
      </object_component>
      <object_component id="oc-13f">
         <name>.debug_info</name>
         <load_address>0x7816</load_address>
         <run_address>0x7816</run_address>
         <size>0xb1</size>
         <alignment>0x0</alignment>
      </object_component>
      <object_component id="oc-bc">
         <name>.debug_ranges</name>
         <load_address>0x0</load_address>
         <run_address>0x0</run_address>
         <size>0x58</size>
         <alignment>0x1</alignment>
         <input_file_ref idref="fl-2"/>
      </object_component>
      <object_component id="oc-3d">
         <name>.debug_ranges</name>
         <load_address>0x58</load_address>
         <run_address>0x58</run_address>
         <size>0x60</size>
         <alignment>0x1</alignment>
         <input_file_ref idref="fl-3"/>
      </object_component>
      <object_component id="oc-93">
         <name>.debug_ranges</name>
         <load_address>0xb8</load_address>
         <run_address>0xb8</run_address>
         <size>0x60</size>
         <alignment>0x1</alignment>
         <input_file_ref idref="fl-4"/>
      </object_component>
      <object_component id="oc-38">
         <name>.debug_ranges</name>
         <load_address>0x118</load_address>
         <run_address>0x118</run_address>
         <size>0x68</size>
         <alignment>0x1</alignment>
         <input_file_ref idref="fl-7"/>
      </object_component>
      <object_component id="oc-c9">
         <name>.debug_ranges</name>
         <load_address>0x180</load_address>
         <run_address>0x180</run_address>
         <size>0x48</size>
         <alignment>0x1</alignment>
         <input_file_ref idref="fl-8"/>
      </object_component>
      <object_component id="oc-33">
         <name>.debug_ranges</name>
         <load_address>0x1c8</load_address>
         <run_address>0x1c8</run_address>
         <size>0x20</size>
         <alignment>0x1</alignment>
         <input_file_ref idref="fl-9"/>
      </object_component>
      <object_component id="oc-99">
         <name>.debug_ranges</name>
         <load_address>0x1e8</load_address>
         <run_address>0x1e8</run_address>
         <size>0x18</size>
         <alignment>0x1</alignment>
         <input_file_ref idref="fl-34"/>
      </object_component>
      <object_component id="oc-66">
         <name>.debug_ranges</name>
         <load_address>0x200</load_address>
         <run_address>0x200</run_address>
         <size>0xa0</size>
         <alignment>0x1</alignment>
         <input_file_ref idref="fl-3b"/>
      </object_component>
      <object_component id="oc-46">
         <name>.debug_ranges</name>
         <load_address>0x2a0</load_address>
         <run_address>0x2a0</run_address>
         <size>0x48</size>
         <alignment>0x1</alignment>
         <input_file_ref idref="fl-3c"/>
      </object_component>
      <object_component id="oc-a1">
         <name>.debug_ranges</name>
         <load_address>0x2e8</load_address>
         <run_address>0x2e8</run_address>
         <size>0x48</size>
         <alignment>0x1</alignment>
         <input_file_ref idref="fl-3e"/>
      </object_component>
      <object_component id="oc-56">
         <name>.debug_ranges</name>
         <load_address>0x330</load_address>
         <run_address>0x330</run_address>
         <size>0x18</size>
         <alignment>0x1</alignment>
         <input_file_ref idref="fl-41"/>
      </object_component>
      <object_component id="oc-4b">
         <name>.debug_ranges</name>
         <load_address>0x348</load_address>
         <run_address>0x348</run_address>
         <size>0x50</size>
         <alignment>0x1</alignment>
         <input_file_ref idref="fl-43"/>
      </object_component>
      <object_component id="oc-e4">
         <name>.debug_ranges</name>
         <load_address>0x398</load_address>
         <run_address>0x398</run_address>
         <size>0x18</size>
         <alignment>0x1</alignment>
         <input_file_ref idref="fl-110"/>
      </object_component>
      <object_component id="oc-8b">
         <name>.debug_ranges</name>
         <load_address>0x3b0</load_address>
         <run_address>0x3b0</run_address>
         <size>0x28</size>
         <alignment>0x1</alignment>
         <input_file_ref idref="fl-112"/>
      </object_component>
      <object_component id="oc-e0">
         <name>.debug_str</name>
         <load_address>0x0</load_address>
         <run_address>0x0</run_address>
         <size>0x916</size>
         <alignment>0x1</alignment>
         <input_file_ref idref="fl-2"/>
      </object_component>
      <object_component id="oc-6e">
         <name>.debug_str</name>
         <load_address>0x916</load_address>
         <run_address>0x916</run_address>
         <size>0x94c</size>
         <alignment>0x1</alignment>
         <input_file_ref idref="fl-3"/>
      </object_component>
      <object_component id="oc-bf">
         <name>.debug_str</name>
         <load_address>0x1262</load_address>
         <run_address>0x1262</run_address>
         <size>0x54b</size>
         <alignment>0x1</alignment>
         <input_file_ref idref="fl-4"/>
      </object_component>
      <object_component id="oc-6b">
         <name>.debug_str</name>
         <load_address>0x17ad</load_address>
         <run_address>0x17ad</run_address>
         <size>0x92d</size>
         <alignment>0x1</alignment>
         <input_file_ref idref="fl-7"/>
      </object_component>
      <object_component id="oc-ea">
         <name>.debug_str</name>
         <load_address>0x20da</load_address>
         <run_address>0x20da</run_address>
         <size>0x4b7</size>
         <alignment>0x1</alignment>
         <input_file_ref idref="fl-8"/>
      </object_component>
      <object_component id="oc-42">
         <name>.debug_str</name>
         <load_address>0x2591</load_address>
         <run_address>0x2591</run_address>
         <size>0x133</size>
         <alignment>0x1</alignment>
         <input_file_ref idref="fl-9"/>
      </object_component>
      <object_component id="oc-d2">
         <name>.debug_str</name>
         <load_address>0x26c4</load_address>
         <run_address>0x26c4</run_address>
         <size>0x141</size>
         <alignment>0x1</alignment>
         <input_file_ref idref="fl-34"/>
      </object_component>
      <object_component id="oc-64">
         <name>.debug_str</name>
         <load_address>0x2805</load_address>
         <run_address>0x2805</run_address>
         <size>0x3c4</size>
         <alignment>0x1</alignment>
         <input_file_ref idref="fl-3b"/>
      </object_component>
      <object_component id="oc-44">
         <name>.debug_str</name>
         <load_address>0x2bc9</load_address>
         <run_address>0x2bc9</run_address>
         <size>0x21e</size>
         <alignment>0x1</alignment>
         <input_file_ref idref="fl-3c"/>
      </object_component>
      <object_component id="oc-d8">
         <name>.debug_str</name>
         <load_address>0x2de7</load_address>
         <run_address>0x2de7</run_address>
         <size>0x328</size>
         <alignment>0x1</alignment>
         <input_file_ref idref="fl-3e"/>
      </object_component>
      <object_component id="oc-90">
         <name>.debug_str</name>
         <load_address>0x310f</load_address>
         <run_address>0x310f</run_address>
         <size>0xee</size>
         <alignment>0x1</alignment>
         <input_file_ref idref="fl-3f"/>
      </object_component>
      <object_component id="oc-72">
         <name>.debug_str</name>
         <load_address>0x31fd</load_address>
         <run_address>0x31fd</run_address>
         <size>0x194</size>
         <alignment>0x1</alignment>
         <input_file_ref idref="fl-41"/>
      </object_component>
      <object_component id="oc-51">
         <name>.debug_str</name>
         <load_address>0x3391</load_address>
         <run_address>0x3391</run_address>
         <size>0x161</size>
         <alignment>0x1</alignment>
         <input_file_ref idref="fl-42"/>
      </object_component>
      <object_component id="oc-49">
         <name>.debug_str</name>
         <load_address>0x34f2</load_address>
         <run_address>0x34f2</run_address>
         <size>0x1ce</size>
         <alignment>0x1</alignment>
         <input_file_ref idref="fl-43"/>
      </object_component>
      <object_component id="oc-ec">
         <name>.debug_str</name>
         <load_address>0x36c0</load_address>
         <run_address>0x36c0</run_address>
         <size>0xe2</size>
         <alignment>0x1</alignment>
         <input_file_ref idref="fl-ec"/>
      </object_component>
      <object_component id="oc-f7">
         <name>.debug_str</name>
         <load_address>0x37a2</load_address>
         <run_address>0x37a2</run_address>
         <size>0x185</size>
         <alignment>0x1</alignment>
         <input_file_ref idref="fl-110"/>
      </object_component>
      <object_component id="oc-bb">
         <name>.debug_frame</name>
         <load_address>0x0</load_address>
         <run_address>0x0</run_address>
         <size>0xf4</size>
         <alignment>0x4</alignment>
         <input_file_ref idref="fl-2"/>
      </object_component>
      <object_component id="oc-3f">
         <name>.debug_frame</name>
         <load_address>0xf4</load_address>
         <run_address>0xf4</run_address>
         <size>0x124</size>
         <alignment>0x4</alignment>
         <input_file_ref idref="fl-3"/>
      </object_component>
      <object_component id="oc-95">
         <name>.debug_frame</name>
         <load_address>0x218</load_address>
         <run_address>0x218</run_address>
         <size>0xe4</size>
         <alignment>0x4</alignment>
         <input_file_ref idref="fl-4"/>
      </object_component>
      <object_component id="oc-3b">
         <name>.debug_frame</name>
         <load_address>0x2fc</load_address>
         <run_address>0x2fc</run_address>
         <size>0x110</size>
         <alignment>0x4</alignment>
         <input_file_ref idref="fl-7"/>
      </object_component>
      <object_component id="oc-ca">
         <name>.debug_frame</name>
         <load_address>0x40c</load_address>
         <run_address>0x40c</run_address>
         <size>0xec</size>
         <alignment>0x4</alignment>
         <input_file_ref idref="fl-8"/>
      </object_component>
      <object_component id="oc-34">
         <name>.debug_frame</name>
         <load_address>0x4f8</load_address>
         <run_address>0x4f8</run_address>
         <size>0x40</size>
         <alignment>0x4</alignment>
         <input_file_ref idref="fl-9"/>
      </object_component>
      <object_component id="oc-9a">
         <name>.debug_frame</name>
         <load_address>0x538</load_address>
         <run_address>0x538</run_address>
         <size>0x30</size>
         <alignment>0x4</alignment>
         <input_file_ref idref="fl-34"/>
      </object_component>
      <object_component id="oc-5b">
         <name>.debug_frame</name>
         <load_address>0x568</load_address>
         <run_address>0x568</run_address>
         <size>0x90</size>
         <alignment>0x4</alignment>
         <input_file_ref idref="fl-3c"/>
      </object_component>
      <object_component id="oc-a4">
         <name>.debug_frame</name>
         <load_address>0x5f8</load_address>
         <run_address>0x5f8</run_address>
         <size>0x100</size>
         <alignment>0x4</alignment>
         <input_file_ref idref="fl-3e"/>
      </object_component>
      <object_component id="oc-7b">
         <name>.debug_frame</name>
         <load_address>0x6f8</load_address>
         <run_address>0x6f8</run_address>
         <size>0x20</size>
         <alignment>0x4</alignment>
         <input_file_ref idref="fl-3f"/>
      </object_component>
      <object_component id="oc-54">
         <name>.debug_frame</name>
         <load_address>0x718</load_address>
         <run_address>0x718</run_address>
         <size>0x38</size>
         <alignment>0x4</alignment>
         <input_file_ref idref="fl-41"/>
      </object_component>
      <object_component id="oc-21">
         <name>.debug_frame</name>
         <load_address>0x750</load_address>
         <run_address>0x750</run_address>
         <size>0x28</size>
         <alignment>0x4</alignment>
         <input_file_ref idref="fl-42"/>
      </object_component>
      <object_component id="oc-1d">
         <name>.debug_frame</name>
         <load_address>0x778</load_address>
         <run_address>0x778</run_address>
         <size>0x30</size>
         <alignment>0x4</alignment>
         <input_file_ref idref="fl-43"/>
      </object_component>
      <object_component id="oc-d0">
         <name>.debug_frame</name>
         <load_address>0x7a8</load_address>
         <run_address>0x7a8</run_address>
         <size>0x20</size>
         <alignment>0x4</alignment>
         <input_file_ref idref="fl-ec"/>
      </object_component>
      <object_component id="oc-e6">
         <name>.debug_frame</name>
         <load_address>0x7c8</load_address>
         <run_address>0x7c8</run_address>
         <size>0x30</size>
         <alignment>0x4</alignment>
         <input_file_ref idref="fl-110"/>
      </object_component>
      <object_component id="oc-ba">
         <name>.debug_line</name>
         <load_address>0x0</load_address>
         <run_address>0x0</run_address>
         <size>0x6b3</size>
         <alignment>0x1</alignment>
         <input_file_ref idref="fl-2"/>
      </object_component>
      <object_component id="oc-40">
         <name>.debug_line</name>
         <load_address>0x6b3</load_address>
         <run_address>0x6b3</run_address>
         <size>0x766</size>
         <alignment>0x1</alignment>
         <input_file_ref idref="fl-3"/>
      </object_component>
      <object_component id="oc-94">
         <name>.debug_line</name>
         <load_address>0xe19</load_address>
         <run_address>0xe19</run_address>
         <size>0x386</size>
         <alignment>0x1</alignment>
         <input_file_ref idref="fl-4"/>
      </object_component>
      <object_component id="oc-3a">
         <name>.debug_line</name>
         <load_address>0x119f</load_address>
         <run_address>0x119f</run_address>
         <size>0x55a</size>
         <alignment>0x1</alignment>
         <input_file_ref idref="fl-7"/>
      </object_component>
      <object_component id="oc-cc">
         <name>.debug_line</name>
         <load_address>0x16f9</load_address>
         <run_address>0x16f9</run_address>
         <size>0x4d1</size>
         <alignment>0x1</alignment>
         <input_file_ref idref="fl-8"/>
      </object_component>
      <object_component id="oc-32">
         <name>.debug_line</name>
         <load_address>0x1bca</load_address>
         <run_address>0x1bca</run_address>
         <size>0x8a</size>
         <alignment>0x1</alignment>
         <input_file_ref idref="fl-9"/>
      </object_component>
      <object_component id="oc-9b">
         <name>.debug_line</name>
         <load_address>0x1c54</load_address>
         <run_address>0x1c54</run_address>
         <size>0x67</size>
         <alignment>0x1</alignment>
         <input_file_ref idref="fl-34"/>
      </object_component>
      <object_component id="oc-65">
         <name>.debug_line</name>
         <load_address>0x1cbb</load_address>
         <run_address>0x1cbb</run_address>
         <size>0x7e9</size>
         <alignment>0x1</alignment>
         <input_file_ref idref="fl-3b"/>
      </object_component>
      <object_component id="oc-45">
         <name>.debug_line</name>
         <load_address>0x24a4</load_address>
         <run_address>0x24a4</run_address>
         <size>0x1dc</size>
         <alignment>0x1</alignment>
         <input_file_ref idref="fl-3c"/>
      </object_component>
      <object_component id="oc-a3">
         <name>.debug_line</name>
         <load_address>0x2680</load_address>
         <run_address>0x2680</run_address>
         <size>0x505</size>
         <alignment>0x1</alignment>
         <input_file_ref idref="fl-3e"/>
      </object_component>
      <object_component id="oc-79">
         <name>.debug_line</name>
         <load_address>0x2b85</load_address>
         <run_address>0x2b85</run_address>
         <size>0x3e</size>
         <alignment>0x1</alignment>
         <input_file_ref idref="fl-3f"/>
      </object_component>
      <object_component id="oc-58">
         <name>.debug_line</name>
         <load_address>0x2bc3</load_address>
         <run_address>0x2bc3</run_address>
         <size>0xf7</size>
         <alignment>0x1</alignment>
         <input_file_ref idref="fl-41"/>
      </object_component>
      <object_component id="oc-23">
         <name>.debug_line</name>
         <load_address>0x2cba</load_address>
         <run_address>0x2cba</run_address>
         <size>0xb9</size>
         <alignment>0x1</alignment>
         <input_file_ref idref="fl-42"/>
      </object_component>
      <object_component id="oc-1e">
         <name>.debug_line</name>
         <load_address>0x2d73</load_address>
         <run_address>0x2d73</run_address>
         <size>0x1ba</size>
         <alignment>0x1</alignment>
         <input_file_ref idref="fl-43"/>
      </object_component>
      <object_component id="oc-ce">
         <name>.debug_line</name>
         <load_address>0x2f2d</load_address>
         <run_address>0x2f2d</run_address>
         <size>0x41</size>
         <alignment>0x1</alignment>
         <input_file_ref idref="fl-ec"/>
      </object_component>
      <object_component id="oc-4d">
         <name>.debug_line</name>
         <load_address>0x2f6e</load_address>
         <run_address>0x2f6e</run_address>
         <size>0x9d</size>
         <alignment>0x1</alignment>
         <input_file_ref idref="fl-109"/>
      </object_component>
      <object_component id="oc-c7">
         <name>.debug_line</name>
         <load_address>0x300b</load_address>
         <run_address>0x300b</run_address>
         <size>0xbb</size>
         <alignment>0x1</alignment>
         <input_file_ref idref="fl-10b"/>
      </object_component>
      <object_component id="oc-e5">
         <name>.debug_line</name>
         <load_address>0x30c6</load_address>
         <run_address>0x30c6</run_address>
         <size>0xae</size>
         <alignment>0x1</alignment>
         <input_file_ref idref="fl-110"/>
      </object_component>
      <object_component id="oc-88">
         <name>.debug_line</name>
         <load_address>0x3174</load_address>
         <run_address>0x3174</run_address>
         <size>0xa0</size>
         <alignment>0x1</alignment>
         <input_file_ref idref="fl-112"/>
      </object_component>
      <object_component id="oc-9e">
         <name>.debug_loc</name>
         <load_address>0x0</load_address>
         <run_address>0x0</run_address>
         <size>0x26</size>
         <alignment>0x1</alignment>
         <input_file_ref idref="fl-34"/>
      </object_component>
      <object_component id="oc-67">
         <name>.debug_loc</name>
         <load_address>0x26</load_address>
         <run_address>0x26</run_address>
         <size>0x714</size>
         <alignment>0x1</alignment>
         <input_file_ref idref="fl-3b"/>
      </object_component>
      <object_component id="oc-47">
         <name>.debug_loc</name>
         <load_address>0x73a</load_address>
         <run_address>0x73a</run_address>
         <size>0xd8</size>
         <alignment>0x1</alignment>
         <input_file_ref idref="fl-3c"/>
      </object_component>
      <object_component id="oc-a0">
         <name>.debug_loc</name>
         <load_address>0x812</load_address>
         <run_address>0x812</run_address>
         <size>0x424</size>
         <alignment>0x1</alignment>
         <input_file_ref idref="fl-3e"/>
      </object_component>
      <object_component id="oc-57">
         <name>.debug_loc</name>
         <load_address>0xc36</load_address>
         <run_address>0xc36</run_address>
         <size>0x16c</size>
         <alignment>0x1</alignment>
         <input_file_ref idref="fl-41"/>
      </object_component>
      <object_component id="oc-52">
         <name>.debug_loc</name>
         <load_address>0xda2</load_address>
         <run_address>0xda2</run_address>
         <size>0x6f</size>
         <alignment>0x1</alignment>
         <input_file_ref idref="fl-42"/>
      </object_component>
      <object_component id="oc-4a">
         <name>.debug_loc</name>
         <load_address>0xe11</load_address>
         <run_address>0xe11</run_address>
         <size>0x167</size>
         <alignment>0x1</alignment>
         <input_file_ref idref="fl-43"/>
      </object_component>
      <object_component id="oc-f8">
         <name>.debug_loc</name>
         <load_address>0xf78</load_address>
         <run_address>0xf78</run_address>
         <size>0x20</size>
         <alignment>0x1</alignment>
         <input_file_ref idref="fl-110"/>
      </object_component>
      <object_component id="oc-4f">
         <name>.debug_aranges</name>
         <load_address>0x0</load_address>
         <run_address>0x0</run_address>
         <size>0x20</size>
         <alignment>0x1</alignment>
         <input_file_ref idref="fl-109"/>
      </object_component>
      <object_component id="oc-c6">
         <name>.debug_aranges</name>
         <load_address>0x20</load_address>
         <run_address>0x20</run_address>
         <size>0x20</size>
         <alignment>0x1</alignment>
         <input_file_ref idref="fl-10b"/>
      </object_component>
      <object_component id="oc-89">
         <name>.debug_aranges</name>
         <load_address>0x40</load_address>
         <run_address>0x40</run_address>
         <size>0x28</size>
         <alignment>0x1</alignment>
         <input_file_ref idref="fl-112"/>
      </object_component>
   </object_component_list>
   <logical_group_list>
      <logical_group id="lg-2" display="no" color="cyan">
         <name>.intvecs</name>
         <load_address>0x0</load_address>
         <run_address>0x0</run_address>
         <size>0xc0</size>
         <contents>
            <object_component_ref idref="oc-18"/>
         </contents>
      </logical_group>
      <logical_group id="lg-3" display="no" color="cyan">
         <name>.text</name>
         <load_address>0xc0</load_address>
         <run_address>0xc0</run_address>
         <size>0x820</size>
         <contents>
            <object_component_ref idref="oc-b8"/>
            <object_component_ref idref="oc-c0"/>
            <object_component_ref idref="oc-c2"/>
            <object_component_ref idref="oc-c8"/>
            <object_component_ref idref="oc-92"/>
            <object_component_ref idref="oc-1c"/>
            <object_component_ref idref="oc-97"/>
            <object_component_ref idref="oc-37"/>
            <object_component_ref idref="oc-c4"/>
            <object_component_ref idref="oc-9f"/>
            <object_component_ref idref="oc-bd"/>
            <object_component_ref idref="oc-3c"/>
            <object_component_ref idref="oc-c1"/>
            <object_component_ref idref="oc-7c"/>
            <object_component_ref idref="oc-5c"/>
            <object_component_ref idref="oc-35"/>
            <object_component_ref idref="oc-36"/>
            <object_component_ref idref="oc-53"/>
            <object_component_ref idref="oc-87"/>
            <object_component_ref idref="oc-20"/>
            <object_component_ref idref="oc-e2"/>
            <object_component_ref idref="oc-e1"/>
            <object_component_ref idref="oc-e3"/>
            <object_component_ref idref="oc-c3"/>
            <object_component_ref idref="oc-91"/>
            <object_component_ref idref="oc-4c"/>
            <object_component_ref idref="oc-98"/>
            <object_component_ref idref="oc-cd"/>
            <object_component_ref idref="oc-31"/>
            <object_component_ref idref="oc-78"/>
         </contents>
      </logical_group>
      <logical_group id="lg-4" display="no" color="cyan">
         <name>.const</name>
         <run_address>0x0</run_address>
         <size>0x0</size>
         <contents>
         </contents>
      </logical_group>
      <logical_group id="lg-5" display="no" color="cyan">
         <name>.cinit</name>
         <load_address>0x8e0</load_address>
         <run_address>0x8e0</run_address>
         <size>0x30</size>
         <contents>
            <object_component_ref idref="oc-138"/>
            <object_component_ref idref="oc-13b"/>
            <object_component_ref idref="oc-13a"/>
            <object_component_ref idref="oc-139"/>
         </contents>
      </logical_group>
      <logical_group id="lg-6" display="no" color="cyan">
         <name>.pinit</name>
         <run_address>0x0</run_address>
         <size>0x0</size>
         <contents>
         </contents>
      </logical_group>
      <logical_group id="lg-7" display="no" color="cyan">
         <name>.rodata</name>
         <run_address>0x0</run_address>
         <size>0x0</size>
         <contents>
         </contents>
      </logical_group>
      <logical_group id="lg-8" display="no" color="cyan">
         <name>.ARM.exidx</name>
         <run_address>0x0</run_address>
         <size>0x0</size>
         <contents>
         </contents>
      </logical_group>
      <logical_group id="lg-9" display="no" color="cyan">
         <name>.init_array</name>
         <run_address>0x0</run_address>
         <size>0x0</size>
         <contents>
         </contents>
      </logical_group>
      <logical_group id="lg-a" display="no" color="cyan">
         <name>.binit</name>
         <load_address>0x0</load_address>
         <run_address>0x0</run_address>
         <size>0x0</size>
         <contents>
            <object_component_ref idref="oc-102"/>
         </contents>
      </logical_group>
      <logical_group id="lg-b" display="no" color="cyan">
         <name>.TI.ramfunc</name>
         <run_address>0x0</run_address>
         <size>0x0</size>
         <contents>
         </contents>
      </logical_group>
      <logical_group id="lg-c" display="no" color="cyan">
         <name>.vtable</name>
         <run_address>0x0</run_address>
         <size>0x0</size>
         <contents>
         </contents>
      </logical_group>
      <logical_group id="lg-d" display="no" color="cyan">
         <name>.args</name>
         <run_address>0x0</run_address>
         <size>0x0</size>
         <contents>
         </contents>
      </logical_group>
      <logical_group id="lg-e" display="no" color="cyan">
         <name>.data</name>
         <run_address>0x2020020c</run_address>
         <size>0x4</size>
         <contents>
            <object_component_ref idref="oc-de"/>
         </contents>
      </logical_group>
      <logical_group id="lg-f" display="no" color="cyan">
         <name>.bss</name>
         <run_address>0x20200200</run_address>
         <size>0xc</size>
         <contents>
            <object_component_ref idref="oc-6c"/>
            <object_component_ref idref="oc-68"/>
            <object_component_ref idref="oc-69"/>
         </contents>
      </logical_group>
      <logical_group id="lg-10" display="no" color="cyan">
         <name>.sysmem</name>
         <run_address>0x20200000</run_address>
         <size>0x200</size>
         <contents>
            <object_component_ref idref="oc-2f"/>
            <object_component_ref idref="oc-13e"/>
         </contents>
      </logical_group>
      <logical_group id="lg-11" display="no" color="cyan">
         <name>.stack</name>
         <run_address>0x20207e00</run_address>
         <size>0x200</size>
         <contents>
            <object_component_ref idref="oc-1a"/>
            <object_component_ref idref="oc-13d"/>
         </contents>
      </logical_group>
      <logical_group id="lg-12" display="no" color="cyan">
         <name>.BCRConfig</name>
         <run_address>0x0</run_address>
         <size>0x0</size>
         <contents>
         </contents>
      </logical_group>
      <logical_group id="lg-13" display="no" color="cyan">
         <name>.BSLConfig</name>
         <run_address>0x0</run_address>
         <size>0x0</size>
         <contents>
         </contents>
      </logical_group>
      <logical_group id="lg-f9" display="no" color="cyan">
         <name>.TI.noinit</name>
         <run_address>0x0</run_address>
         <size>0x0</size>
         <contents>
         </contents>
      </logical_group>
      <logical_group id="lg-fa" display="no" color="cyan">
         <name>.TI.persistent</name>
         <run_address>0x0</run_address>
         <size>0x0</size>
         <contents>
         </contents>
      </logical_group>
      <logical_group id="lg-fb" display="no" color="cyan">
         <name>.TI.local</name>
         <run_address>0x0</run_address>
         <size>0x0</size>
         <contents>
         </contents>
      </logical_group>
      <logical_group id="lg-fc" display="no" color="cyan">
         <name>.TI.onchip</name>
         <run_address>0x0</run_address>
         <size>0x0</size>
         <contents>
         </contents>
      </logical_group>
      <logical_group id="lg-fd" display="no" color="cyan">
         <name>.TI.offchip</name>
         <run_address>0x0</run_address>
         <size>0x0</size>
         <contents>
         </contents>
      </logical_group>
      <logical_group id="lg-fe" display="no" color="cyan">
         <name>__llvm_prf_cnts</name>
         <run_address>0x20200000</run_address>
         <size>0x0</size>
         <contents>
         </contents>
      </logical_group>
      <logical_group id="lg-100" display="no" color="cyan">
         <name>__llvm_prf_bits</name>
         <run_address>0x20200000</run_address>
         <size>0x0</size>
         <contents>
         </contents>
      </logical_group>
      <logical_group id="lg-11c" display="never" color="cyan">
         <name>.debug_abbrev</name>
         <load_address>0x0</load_address>
         <run_address>0x0</run_address>
         <size>0xefe</size>
         <contents>
            <object_component_ref idref="oc-df"/>
            <object_component_ref idref="oc-6d"/>
            <object_component_ref idref="oc-be"/>
            <object_component_ref idref="oc-6a"/>
            <object_component_ref idref="oc-e9"/>
            <object_component_ref idref="oc-41"/>
            <object_component_ref idref="oc-d1"/>
            <object_component_ref idref="oc-63"/>
            <object_component_ref idref="oc-43"/>
            <object_component_ref idref="oc-d7"/>
            <object_component_ref idref="oc-8f"/>
            <object_component_ref idref="oc-71"/>
            <object_component_ref idref="oc-50"/>
            <object_component_ref idref="oc-48"/>
            <object_component_ref idref="oc-eb"/>
[...]
      <logical_group id="lg-13c" display="no" color="cyan">
         <name>Veneer$$CMSE</name>
         <run_address>0x0</run_address>
         <size>0x0</size>
         <contents>
         </contents>
      </logical_group>
      <load_segment id="lg-144" display="no" color="cyan">
         <name>SEGMENT_0</name>
         <load_address>0x0</load_address>
         <run_address>0x0</run_address>
         <size>0x910</size>
         <flags>0x5</flags>
         <contents>
            <logical_group_ref idref="lg-2"/>
            <logical_group_ref idref="lg-3"/>
            <logical_group_ref idref="lg-5"/>
         </contents>
      </load_segment>
      <load_segment id="lg-145" display="no" color="cyan">
         <name>SEGMENT_1</name>
         <run_address>0x20200000</run_address>
         <size>0x210</size>
         <flags>0x6</flags>
         <contents>
            <logical_group_ref idref="lg-10"/>
            <logical_group_ref idref="lg-f"/>
            <logical_group_ref idref="lg-e"/>
         </contents>
      </load_segment>
      <load_segment id="lg-146" display="no" color="cyan">
         <name>SEGMENT_2</name>
         <run_address>0x20207e00</run_address>
         <size>0x200</size>
         <flags>0x6</flags>
         <contents>
            <logical_group_ref idref="lg-11"/>
         </contents>
      </load_segment>
   </logical_group_list>
   <placement_map>
      <memory_area display="yes" color="green">
         <name>FLASH</name>
         <page_id>0x0</page_id>
         <origin>0x0</origin>
         <length>0x20000</length>
         <used_space>0x910</used_space>
         <unused_space>0x1f6f0</unused_space>
         <attributes>RX</attributes>
         <usage_details>
            <allocated_space>
               <start_address>0x0</start_address>
               <size>0x0</size>
               <logical_group_ref idref="lg-a"/>
            </allocated_space>
            <allocated_space>
               <start_address>0x0</start_address>
               <size>0xc0</size>
               <logical_group_ref idref="lg-2"/>
            </allocated_space>
            <allocated_space>
               <start_address>0xc0</start_address>
               <size>0x820</size>
               <logical_group_ref idref="lg-3"/>
            </allocated_space>
            <allocated_space>
               <start_address>0x8e0</start_address>
               <size>0x30</size>
               <logical_group_ref idref="lg-5"/>
            </allocated_space>
            <available_space>
               <start_address>0x910</start_address>
               <size>0x1f6f0</size>
            </available_space>
         </usage_details>
      </memory_area>
      <memory_area display="yes" color="green">
         <name>SRAM</name>
         <page_id>0x0</page_id>
         <origin>0x20200000</origin>
         <length>0x8000</length>
         <used_space>0x410</used_space>
         <unused_space>0x7bf0</unused_space>
         <attributes>RWX</attributes>
         <usage_details>
            <allocated_space>
               <start_address>0x20200000</start_address>
               <size>0x0</size>
               <logical_group_ref idref="lg-fe"/>
            </allocated_space>
            <allocated_space>
               <start_address>0x20200000</start_address>
               <size>0x0</size>
               <logical_group_ref idref="lg-100"/>
            </allocated_space>
            <allocated_space>
               <start_address>0x20200000</start_address>
               <size>0x200</size>
               <logical_group_ref idref="lg-10"/>
            </allocated_space>
            <allocated_space>
               <start_address>0x20200200</start_address>
               <size>0xc</size>
               <logical_group_ref idref="lg-f"/>
            </allocated_space>
            <allocated_space>
               <start_address>0x2020020c</start_address>
               <size>0x4</size>
               <logical_group_ref idref="lg-e"/>
            </allocated_space>
            <available_space>
               <start_address>0x20200210</start_address>
               <size>0x7bf0</size>
            </available_space>
            <allocated_space>
               <start_address>0x20207e00</start_address>
               <size>0x200</size>
               <logical_group_ref idref="lg-11"/>
            </allocated_space>
         </usage_details>
      </memory_area>
      <memory_area display="yes" color="green">
         <name>BCR_CONFIG</name>
         <page_id>0x0</page_id>
         <origin>0x41c00000</origin>
         <length>0x80</length>
         <used_space>0x0</used_space>
         <unused_space>0x80</unused_space>
         <attributes>R</attributes>
         <usage_details>
         </usage_details>
      </memory_area>
      <memory_area display="yes" color="green">
         <name>BSL_CONFIG</name>
         <page_id>0x0</page_id>
         <origin>0x41c00100</origin>
         <length>0x80</length>
         <used_space>0x0</used_space>
         <unused_space>0x80</unused_space>
         <attributes>R</attributes>
         <usage_details>
         </usage_details>
      </memory_area>
   </placement_map>
   <cptbl_list>
      <cptbl>
         <name>__TI_cinit_table</name>
         <cprec>
            <name>.bss</name>
            <load_address>0x8ec</load_address>
            <load_size>0x8</load_size>
            <run_address>0x20200200</run_address>
            <run_size>0xc</run_size>
            <compression>zero_init</compression>
         </cprec>
         <cprec>
            <name>.data</name>
            <load_address>0x8f4</load_address>
            <load_size>0x8</load_size>
            <run_address>0x2020020c</run_address>
            <run_size>0x4</run_size>
            <compression>lzss</compression>
         </cprec>
      </cptbl>
   </cptbl_list>
   <handler_table>
      <handler_table_name>__TI_handler_table</handler_table_name>
      <handler>
         <index>0x0</index>
         <name>__TI_decompress_lzss</name>
      </handler>
      <handler>
         <index>0x1</index>
         <name>__TI_decompress_none</name>
      </handler>
      <handler>
         <index>0x2</index>
         <name>__TI_zero_init</name>
      </handler>
   </handler_table>
   <symbol_table>
      <symbol id="sm-1">
         <name>__start___llvm_prf_cnts</name>
         <value>0x20200000</value>
      </symbol>
      <symbol id="sm-2">
         <name>__stop___llvm_prf_cnts</name>
         <value>0x20200000</value>
      </symbol>
      <symbol id="sm-3">
         <name>__start___llvm_prf_bits</name>
         <value>0x20200000</value>
      </symbol>
      <symbol id="sm-4">
         <name>__stop___llvm_prf_bits</name>
         <value>0x20200000</value>
      </symbol>
      <symbol id="sm-5">
         <name>__TI_CINIT_Base</name>
         <value>0x8fc</value>
      </symbol>
      <symbol id="sm-6">
         <name>__TI_CINIT_Limit</name>
         <value>0x90c</value>
      </symbol>
      <symbol id="sm-7">
         <name>__TI_CINIT_Warm</name>
         <value>0x90c</value>
      </symbol>
      <symbol id="sm-8">
         <name>__TI_Handler_Table_Base</name>
         <value>0x8e0</value>
      </symbol>
      <symbol id="sm-9">
         <name>__TI_Handler_Table_Limit</name>
         <value>0x8ec</value>
      </symbol>
      <symbol id="sm-a">
         <name>binit</name>
         <value>0xffffffff</value>
      </symbol>
      <symbol id="sm-b">
         <name>__binit__</name>
         <value>0xffffffff</value>
      </symbol>
      <symbol id="sm-c">
         <name>__STACK_SIZE</name>
         <value>0x200</value>
      </symbol>
      <symbol id="sm-d">
         <name>__STACK_END</name>
         <value>0x20208000</value>
      </symbol>
      <symbol id="sm-e">
         <name>__SYSMEM_SIZE</name>
         <value>0x200</value>
      </symbol>
      <symbol id="sm-f">
         <name>__TI_pprof_out_hndl</name>
         <value>0xffffffff</value>
      </symbol>
      <symbol id="sm-10">
         <name>__TI_prof_data_start</name>
         <value>0xffffffff</value>
      </symbol>
      <symbol id="sm-11">
         <name>__TI_prof_data_size</name>
         <value>0xffffffff</value>
      </symbol>
      <symbol id="sm-44">
         <name>Clock_Freq</name>
         <value>0x8ad</value>
         <object_component_ref idref="oc-c3"/>
      </symbol>
      <symbol id="sm-45">
         <name>BusFreq</name>
         <value>0x2020020c</value>
         <object_component_ref idref="oc-de"/>
      </symbol>
      <symbol id="sm-46">
         <name>Clock_Init80MHz</name>
         <value>0xc1</value>
         <object_component_ref idref="oc-b8"/>
      </symbol>
      <symbol id="sm-47">
         <name>Clock_Delay</name>
         <value>0x88b</value>
         <object_component_ref idref="oc-e2"/>
      </symbol>
      <symbol id="sm-56">
         <name>PLL_Init</name>
         <value>0x8b9</value>
         <object_component_ref idref="oc-91"/>
      </symbol>
      <symbol id="sm-57">
         <name>main</name>
         <value>0x7c9</value>
         <object_component_ref idref="oc-7c"/>
      </symbol>
      <symbol id="sm-58">
         <name>TIMG12_IRQHandler</name>
         <value>0x771</value>
         <object_component_ref idref="oc-3c"/>
      </symbol>
      <symbol id="sm-59">
         <name>Time</name>
         <value>0x20200208</value>
      </symbol>
      <symbol id="sm-69">
         <name>Delay</name>
         <value>0x89b</value>
         <object_component_ref idref="oc-e1"/>
      </symbol>
      <symbol id="sm-6a">
         <name>ActivatePortA_B</name>
         <value>0x739</value>
         <object_component_ref idref="oc-bd"/>
      </symbol>
      <symbol id="sm-6b">
         <name>LaunchPad_Init</name>
         <value>0x52d</value>
         <object_component_ref idref="oc-92"/>
      </symbol>
      <symbol id="sm-83">
         <name>ADC_Init</name>
         <value>0x275</value>
         <object_component_ref idref="oc-c0"/>
      </symbol>
      <symbol id="sm-84">
         <name>ADC_Start</name>
         <value>0x7a1</value>
         <object_component_ref idref="oc-c1"/>
      </symbol>
      <symbol id="sm-85">
         <name>UART_Init</name>
         <value>0x39d</value>
         <object_component_ref idref="oc-c2"/>
      </symbol>
      <symbol id="sm-86">
         <name>TIMG7_IRQHandler</name>
         <value>0x67d</value>
         <object_component_ref idref="oc-37"/>
      </symbol>
      <symbol id="sm-87">
         <name>TExaSadc</name>
         <value>0x20200204</value>
      </symbol>
      <symbol id="sm-88">
         <name>TExaSLogic</name>
         <value>0x20200200</value>
      </symbol>
      <symbol id="sm-89">
         <name>TExaS_Init</name>
         <value>0x625</value>
         <object_component_ref idref="oc-97"/>
      </symbol>
      <symbol id="sm-93">
         <name>TimerG7_IntArm</name>
         <value>0x485</value>
         <object_component_ref idref="oc-c8"/>
      </symbol>
      <symbol id="sm-a4">
         <name>Default_Handler</name>
         <value>0x819</value>
         <object_component_ref idref="oc-35"/>
      </symbol>
      <symbol id="sm-a5">
         <name>Reset_Handler</name>
         <value>0x8d7</value>
         <object_component_ref idref="oc-31"/>
      </symbol>
      <symbol id="sm-a6">
         <name>HardFault_Handler</name>
         <value>0x835</value>
         <object_component_ref idref="oc-36"/>
      </symbol>
      <symbol id="sm-a7">
         <name>interruptVectors</name>
         <value>0x0</value>
         <object_component_ref idref="oc-18"/>
      </symbol>
      <symbol id="sm-a8">
         <name>NMI_Handler</name>
         <value>0x819</value>
         <object_component_ref idref="oc-35"/>
      </symbol>
      <symbol id="sm-a9">
         <name>SVC_Handler</name>
         <value>0x819</value>
         <object_component_ref idref="oc-35"/>
      </symbol>
      <symbol id="sm-aa">
         <name>PendSV_Handler</name>
         <value>0x819</value>
         <object_component_ref idref="oc-35"/>
      </symbol>
      <symbol id="sm-ab">
         <name>SysTick_Handler</name>
         <value>0x819</value>
         <object_component_ref idref="oc-35"/>
      </symbol>
      <symbol id="sm-ac">
         <name>GROUP0_IRQHandler</name>
         <value>0x819</value>
         <object_component_ref idref="oc-35"/>
      </symbol>
      <symbol id="sm-ad">
         <name>GROUP1_IRQHandler</name>
         <value>0x819</value>
         <object_component_ref idref="oc-35"/>
      </symbol>
      <symbol id="sm-ae">
         <name>TIMG8_IRQHandler</name>
         <value>0x819</value>
         <object_component_ref idref="oc-35"/>
      </symbol>
      <symbol id="sm-af">
         <name>UART3_IRQHandler</name>
         <value>0x819</value>
         <object_component_ref idref="oc-35"/>
      </symbol>
      <symbol id="sm-b0">
         <name>ADC0_IRQHandler</name>
         <value>0x819</value>
         <object_component_ref idref="oc-35"/>
      </symbol>
      <symbol id="sm-b1">
         <name>ADC1_IRQHandler</name>
         <value>0x819</value>
         <object_component_ref idref="oc-35"/>
      </symbol>
      <symbol id="sm-b2">
         <name>CANFD0_IRQHandler</name>
         <value>0x819</value>
         <object_component_ref idref="oc-35"/>
      </symbol>
      <symbol id="sm-b3">
         <name>DAC0_IRQHandler</name>
         <value>0x819</value>
         <object_component_ref idref="oc-35"/>
      </symbol>
      <symbol id="sm-b4">
         <name>SPI0_IRQHandler</name>
         <value>0x819</value>
         <object_component_ref idref="oc-35"/>
      </symbol>
      <symbol id="sm-b5">
         <name>SPI1_IRQHandler</name>
         <value>0x819</value>
         <object_component_ref idref="oc-35"/>
      </symbol>
      <symbol id="sm-b6">
         <name>UART1_IRQHandler</name>
         <value>0x819</value>
         <object_component_ref idref="oc-35"/>
      </symbol>
      <symbol id="sm-b7">
         <name>UART2_IRQHandler</name>
         <value>0x819</value>
         <object_component_ref idref="oc-35"/>
      </symbol>
      <symbol id="sm-b8">
         <name>UART0_IRQHandler</name>
         <value>0x819</value>
         <object_component_ref idref="oc-35"/>
      </symbol>
      <symbol id="sm-b9">
         <name>TIMG0_IRQHandler</name>
         <value>0x819</value>
         <object_component_ref idref="oc-35"/>
      </symbol>
      <symbol id="sm-ba">
         <name>TIMG6_IRQHandler</name>
         <value>0x819</value>
         <object_component_ref idref="oc-35"/>
      </symbol>
      <symbol id="sm-bb">
         <name>TIMA0_IRQHandler</name>
         <value>0x819</value>
         <object_component_ref idref="oc-35"/>
      </symbol>
      <symbol id="sm-bc">
         <name>TIMA1_IRQHandler</name>
         <value>0x819</value>
         <object_component_ref idref="oc-35"/>
      </symbol>
      <symbol id="sm-bd">
         <name>I2C0_IRQHandler</name>
         <value>0x819</value>
         <object_component_ref idref="oc-35"/>
      </symbol>
      <symbol id="sm-be">
         <name>I2C1_IRQHandler</name>
         <value>0x819</value>
         <object_component_ref idref="oc-35"/>
      </symbol>
      <symbol id="sm-bf">
         <name>AES_IRQHandler</name>
         <value>0x819</value>
         <object_component_ref idref="oc-35"/>
      </symbol>
      <symbol id="sm-c0">
         <name>RTC_IRQHandler</name>
         <value>0x819</value>
         <object_component_ref idref="oc-35"/>
      </symbol>
      <symbol id="sm-c1">
         <name>DMA_IRQHandler</name>
         <value>0x819</value>
         <object_component_ref idref="oc-35"/>
      </symbol>
      <symbol id="sm-c2">
         <name>__TI_ATRegion0_src_addr</name>
         <value>0x0</value>
      </symbol>
      <symbol id="sm-c3">
         <name>__TI_ATRegion0_trg_addr</name>
         <value>0x0</value>
      </symbol>
      <symbol id="sm-c4">
         <name>__TI_ATRegion0_region_sz</name>
         <value>0x0</value>
      </symbol>
      <symbol id="sm-c5">
         <name>__TI_ATRegion1_src_addr</name>
         <value>0x0</value>
      </symbol>
      <symbol id="sm-c6">
         <name>__TI_ATRegion1_trg_addr</name>
         <value>0x0</value>
      </symbol>
      <symbol id="sm-c7">
         <name>__TI_ATRegion1_region_sz</name>
         <value>0x0</value>
      </symbol>
      <symbol id="sm-c8">
         <name>__TI_ATRegion2_src_addr</name>
         <value>0x0</value>
      </symbol>
      <symbol id="sm-c9">
         <name>__TI_ATRegion2_trg_addr</name>
         <value>0x0</value>
      </symbol>
      <symbol id="sm-ca">
         <name>__TI_ATRegion2_region_sz</name>
         <value>0x0</value>
      </symbol>
      <symbol id="sm-dc">
         <name>abort</name>
         <value>0x8cd</value>
         <object_component_ref idref="oc-98"/>
      </symbol>
      <symbol id="sm-e9">
         <name>_sys_memory</name>
         <value>0x20200000</value>
         <object_component_ref idref="oc-2f"/>
      </symbol>
      <symbol id="sm-f4">
         <name>_c_int00_noargs</name>
         <value>0x7f1</value>
         <object_component_ref idref="oc-5c"/>
      </symbol>
      <symbol id="sm-f5">
         <name>__stack</name>
         <value>0x20207e00</value>
         <object_component_ref idref="oc-1a"/>
      </symbol>
      <symbol id="sm-101">
         <name>__TI_auto_init_nobinit_nopinit</name>
         <value>0x6fd</value>
         <object_component_ref idref="oc-9f"/>
      </symbol>
      <symbol id="sm-109">
         <name>_system_pre_init</name>
         <value>0x8db</value>
         <object_component_ref idref="oc-78"/>
      </symbol>
      <symbol id="sm-114">
         <name>__TI_zero_init_nomemset</name>
         <value>0x851</value>
         <object_component_ref idref="oc-53"/>
      </symbol>
      <symbol id="sm-11d">
         <name>__TI_decompress_none</name>
         <value>0x879</value>
         <object_component_ref idref="oc-20"/>
      </symbol>
      <symbol id="sm-128">
         <name>__TI_decompress_lzss</name>
         <value>0x5a9</value>
         <object_component_ref idref="oc-1c"/>
      </symbol>
      <symbol id="sm-138">
         <name>HOSTexit</name>
         <value>0x8d3</value>
         <object_component_ref idref="oc-cd"/>
      </symbol>
      <symbol id="sm-139">
         <name>C$$EXIT</name>
         <value>0x8d2</value>
         <object_component_ref idref="oc-cd"/>
      </symbol>
      <symbol id="sm-14f">
         <name>__aeabi_memcpy</name>
         <value>0x8c5</value>
         <object_component_ref idref="oc-4c"/>
      </symbol>
      <symbol id="sm-150">
         <name>__aeabi_memcpy4</name>
         <value>0x8c5</value>
         <object_component_ref idref="oc-4c"/>
      </symbol>
      <symbol id="sm-151">
         <name>__aeabi_memcpy8</name>
         <value>0x8c5</value>
         <object_component_ref idref="oc-4c"/>
      </symbol>
      <symbol id="sm-157">
         <name>__aeabi_uidiv</name>
         <value>0x6bd</value>
         <object_component_ref idref="oc-c4"/>
      </symbol>
      <symbol id="sm-158">
         <name>__aeabi_uidivmod</name>
         <value>0x6bd</value>
         <object_component_ref idref="oc-c4"/>
      </symbol>
      <symbol id="sm-163">
         <name>__aeabi_idiv0</name>
         <value>0x8ab</value>
         <object_component_ref idref="oc-e3"/>
      </symbol>
      <symbol id="sm-16d">
         <name>TI_memcpy_small</name>
         <value>0x867</value>
         <object_component_ref idref="oc-87"/>
      </symbol>
      <symbol id="sm-16e">
         <name>__TI_static_base__</name>
         <value>0x0</value>
      </symbol>
      <symbol id="sm-171">
         <name>__mpu_init</name>
         <value>0x0</value>
      </symbol>
      <symbol id="sm-172">
         <name>_system_post_cinit</name>
         <value>0x0</value>
      </symbol>
   </symbol_table>
   <title>Link successful</title>
</link_info>
